AACPF
AACC
ABAT
ABFS
ABV
ABVA
ACCL
ACE
ACI
ACOM
ACPW
ACTS
ADEP
ADVS
AEC
AEGR
AERL
AEV
AFCE
AFF
AFFX
AFOP
AFQ
AGP
AH
AHS
AIM
ALC
ALLB
ALNC
ALRN
ALTH
ALTR
ALU
ALVR
AMAP
AMBO
AMIC
AMLN
AMPL
AMSG
ANAC
ANAD
ANCI
ANEN
ANGN
ANLY
ANN
ANNB
ANR
ANTP
ANV
ANX
AOL
AONE
APAGF
APFC
API
APKT
APL
APP
APPY
APSA
AQQ
ARB
ARBA
ARDNA
ARG
ARMH
ARO
ARP
ARSD
ART
ARTC
ARUN
ARX
ASBC
ASBI
ASCA
ASEI
ASFN
ASI
ASIA
ASMI
ASTI
ASTM
ATC
ATE
ATK
ATMI
ATML
ATPG
ATX
AUTH
AUXL
AV
AVCA
AVF
AVL
AVNR
AWC
AXK
AZC
AZK
BAGL
BALT
BAMM
BBEP
BBNK
BBX
BCA
BEE
BFED
BIDZ
BIN
BIOD
BIOF
BIRT
BKI
BKR
BKYF
BLC
BMC
BMJ
BMR
BMTI
BNHN
BNVI
BODY
BOLT
BONA
BPAX
BPHX
BPO
BPZ
BRCM
BRD
BRE
BRLI
BRY
BSDM
BSI
BTC
BTFG
BTH
BTU
BTUI
BWC
BWOW
BWS
BXG
BYI
BZ
CACH
CADX
CAFI
CAGC
CAK
CAM
CAP
CAS
CAVO
CAZA
CBE
CBEH
CBEY
CBIN
CBKN
CBNJ
CBOU
CBP
CBRX
CBST
CCG
CCH
CCIX
CCME
CCRT
CCSC
CDY
CEDC
CEDU
CELL
CEP
CERP
CFFC
CFK
CFN
CGV
CGX
CHBT
CHC
CHDX
CHEV
CHG
CHGS
CHKM
CHLN
CHOP
CHRM
CHTP
CHYR
CIGX
CIMT
CIS
CISG
CITZ
CKEC
CKP
CKSW
CLP
CLWR
CMCSK
CMLP
CMN
CMRG
CNAM
CNBC
CNL
CNQR
CNW
CNYD
COBR
COCO
COGO
COHN
CONM
COSI
COV
CPGI
CPHD
CPNO
CPTS
CPWR
C-R
CRBC
CRDC
CRDN
CRFN
CRRC
CRTP
CRTX
CRWN
CSBC
CSCD
CSE
CSFS
CSH
CSRE
CSTR
CSUN
CT
CTC
CTCH
CTCM
CTCT
CTDC
CTEL
CTFO
CTGX
CTP
CVD
CVH
CWTR
CXM
CXPO
CXS
CXZ
CYBI
CYBX
CYMI
CYN
CYT
DANG
DARA
DBLE
DBLEP
DEER
DEG
DEJ
DELL
DEXO
DFR
DFZ
DGIT
DITC
DLGC
DLIA
DLLR
DMND
DNDN
DOLE
DOM
DOVR
DRC
DRCO
DRIV
DRL
DRU
DSTI
DTG
DTSI
DUF
DUSA
DVOX
DVR
DWA
DWRE
DYAX
DYII
ECBE
ECTY
EDAC
EDGR
EDS
EIHI
EJ
ELN
ELRC
ELX
EMC
ENA
END
ENI
ENL
ENMD
ENTR
EOC
EONC
EPAX
EPB
EPHC
EPIQ
EPL
EROC
ESA
ESBF
ESC
ESI
ESYS
EXBD
EXH
EXL
EXLP
EXM
EZCH
FACE
FBMI
FBN
FCAL
FCFC
FCS
FCTY
FCVA
FCY
FCZA
FDO
FEED
FEIC
FFBH
FFCH
FFCO
FFEX
FFI
FFKY
FIO
FIRE
FMCN
FMD
FMER
FMFC
FNBN
FNFG
FOH
FREE
FRF
FRM
FRS
FRX
FSBI
FSCI
FSGI
FSII
FSIN
FSR
FSRV
FST
FSYS
FTE
FUBC
FUQI
FUR
FURX
FWLT
FXCB
FXEN
GA
GAGA
GAI
GAME
GAS
GB
GBG
GCA
GCOM
GDI
GDP
GENT
GEOI
GEOY
GET
GFIG
GGC
GGR
GGS
GIVN
GKK
GKNT
GKSR
XXXX
GLPW
GMCR
GMK
GMT
GMXR
GNOM
GOK
GOLF
GPR
GPRC
GR
GRH
GRNB
GRT
GRZ
GSI
GSX
IMRS
IN
IND
INFA
ININ
INMD
INOC
INPH
IPCM
IPT
IRC
IRE
IRF
IRIS
ISH
ISIS
ISS
ISSI
ITMN
IVAN
IVN
JADE
JAG
JAH
JAXB
JCDA
JDAS
JDSU
JEF
JGBO
JNY
JOEZ
JOSB
JRCC
JRN
JST
KBALB
KBW
KBX
KCP
KDN
KEYN
KFFG
KFN
KFT
KGN
KH
KID
KITD
KKD
KMP
KMR
KNM
KNXA
KOG
KONG
KSW
KSWS
KUB
KUTV
KWK
KXM
LACO
LCAV
LCC
LCRY
LEAP
LEDR
LG
LGF
LINE
LINTA
LIWA
LLEN
LMI
LNBB
LNCR
LNET
LO
LOCM
LOJN
LONG
LOOK
LPH
LPHI
LPS
LRY
LSBI
LSE
LSI
LTD
LTM
LTON
LTXC
LUFK
LVB
LZEN
MAKO
MALL
MAPP
MASC
MAXY
MBA
MBND
MCBF
MCBI
MCGC
MCP
MCRL
MCRS
MDAS
MDCI
MDF
MDH
MDM
MDTH
MDVN
MDW
MEA
MEAD
MEAS
MEDW
MELA
MEMS
MERU
METR
MFB
MFI
MFLX
MGAM
MGN
MHGC
MHP
MHR
MIG
MILL
MIPS
MLG
MMR
MMUS
MNRK
MNTG
MOBI
MOLX
MOLXA
MOTR
MOVE
MPAC
MPR
MR
MRGE
MRH
MRX
MSO
MSPD
MSW
MTE
MTOX
MTSN
MVG
MW
MWE
MWIV
MWV
MXT
NABI
NAFC
NATL
NAVR
NBBC
NBG
NBS
NCBC
NCT
NDZ
NEBS
NED
NEI
NETC
NEWL
NEWN
NEWP
NEXS
NFP
NFSB
NGLS
NGPC
NGT
NHTB
NII
NINE
NJ
NKBP
NLTX
NOIZ
NOOF
NOR
NPBC
NPD
NPSP
NRCI
NRGY
NSPH
NTE
NTLS
NTSC
NTSP
NU
NVSL
NVTL
NWK
NXY
NYB
NYX
OABC
OBAF
OCLS
OCR
OCZ
OEH
OFI
OINK
OMG
OMPI
OMX
ONCY
ONE
ONFC
ONNN
ONTY
ONXX
OPEN
OPLK
OPTR
OPXT
ORCC
OSHC
OUTD
OVRL
OVTI
OWW
OXBT
OXF
OXGN
OYOG
PACR
PATR
PBM
PBNY
PBTH
PBY
PC
PCCC
PCL
PCP
PCS
PCYC
PDII
PDO
PEET
PENX
PEOP
PETM
PFX
PGI
PHA
PHR
PIKE
PKT
PL
PLCC
PLCM
PLFE
PLL
PLNR
PLXT
PMCS
PMFG
PMTC
PMTI
PNG
PNSN
PNX
PNY
POM
POZN
PPO
PPS
PRE
PRGN
PRIS
PRLS
PROJ
PRST
PRWT
PRX
PRXI
PSEM
PSID
PSOF
PSS
PSSI
PSTR
PSUN
PT
PTEK
PTIX
PTP
PTRY
PUDA
PULB
PULS
PVA
PVD
PVFC
PVR
PVSW
PWAV
PWER
PWRD
PXP
PZZI
QBC
QCOR
QLGC
QLIK
QLTI
QLTY
QMM
QRE
QSFT
QTWW
RA
RAH
RBN
RBNF
RBY
RCKB
RDA
RDEN
REDF
REE
RENT
REXI
RFMD
RGDX
RIMG
RIMM
RJET
RKT
RLD
RLOC
RMKR
RMTR
RNIN
RNO
ROC
ROCM
ROMA
ROSE
ROVI
RPTP
RRST
RSH
RSOL
RSTI
RTI
RTLX
RUE
RUK
RVBD
RVR
RYL
SAAS
SABA
SAI
SAPE
SATC
SAVB
SBX
SCBT
SCMF
SCMR
SCOK
SCR
SDBT
SDIX
SEH
SFD
SFG
SFI
SFY
SGI
SGK
SGZ
SHAW
SHFL
SHP
SHS
SHZ
SI
SIAL
SIHI
SIMG
SIRO
SKH
SKS
SLH
SLI
SLT
SLTC
SLTM
SLXP
SMA
SMBL
SMS
SMSC
SMT
SNT
SNTA
SNTS
SOCB
SOMH
SOMX
SOQ
SPCHA
SPCHB
SPF
SPMD
SPPR
SPRD
SPRO
SPW
SQI
SQNM
SRSL
SRZ
SSRX
SSS
STAN
STEC
STEI
STEL
STEM
STNR
STR
STRN
STSA
SUBK
SUNH
SUPX
SURG
SUSQ
SUSS
SUTR
SVM
SVN
SVNT
SWI
SWS
SWY
SYA
SYMM
SYNM
SYSW
TAXI
TAYC
TBAC
TC
TCHC
TCK
TCL
TE
TECUA
TEG
TELK
TFM
TGAL
TGE
TGX
THI
THOR
THQI
THRX
TIBX
TIII
TLAB
TLB
TLM
TLR
TMNG
TNGN
TNS
TOF
TOFC
TPCG
TPGI
TQNT
TRAK
TRGT
TRIT
TRLG
TRMD
TRW
TSH
TSON
TSPT
TSRX
TSTC
TSYS
TTHI
TTO
TUC
TVL
TW
TWC
TWGP
TWTC
TXCC
TXI
TYC
UACL
UDRL
UIL
ULGX
UNS
UNTD
UPG
UPI
UPL
URS
URZ
USBI
USHS
USMO
USTR
USU
UTIW
VCBI
VCI
VCLK
VE
VIAS
VIFL
VIMC
VIST
VIT
VLCCF
VLTR
VMED
VOCS
VOLC
VPFG
VPHM
VPRT
VQ
VRNG
VRNM
VRS
VSCI
VSCP
VTG
VTNC
VTUS
VVTV
WAG
WATG
WAVX
WBCO
WBSN
WCBO
WCRX
WEBM
WEST
WFD
WFR
WGA
WH
WHX
WIBC
WLFCP
WLP
WLT
WMCO
WPI
WPO
WPP
WRC
WRD
WRES
WRLS
WSB
WSH
WTSLA
WWAY
WWIN
WWVY
WWWW
WX
WXS
WZE
XATA
XIDE
XNPT
XRS
XRTX
XTEX
XTXI
XUE
XWES
YAVY
YDNT
YMI
YOKU
YONG
YTEC
YUII
ZBB
ZEP
ZHNE
ZIGO
ZINC
ZIPR
ZLC
ZLCS
ZMH
ZOLT
ZOOM
ZQK
ZZ
ACG
ACMP
ACTV
ADNC
AEF
AFM
AGLS
AGOL
AHB
AJB
ALCS
AMBT
AMRE
AMTG
AQ
ARCP
ARCT
ARK
ARY
ASBCW
ASP
ASTX
ATL
ATNY
AUQ
AVG
AVV
AWAY
AXX
AYN
BANCL
BBCN
BCDS
BCF
BCSB
BEAM
BFLY
BHD
BHY
BIE
BKW
BLND
BNA
BNNY
BONE
BOVA
BPP
BPS
BQR
BQY
BSP
BSQ
BTF
BWF
BWOWW
BXDC
BXUC
BZMD
BZT
CBNK
CCCLW
CEBK
CERE
CFD
CFP
CHXF
CJES
CLRX
CMK
CMVT
CNDO
CNSIV
COY
CPBC
CPP
CRMB
CRMBW
CRP
CRRB
CRV
CSI
CSMN
CSP
CTQ
CTRX
CVOL
CWH
CWHN
CWHO
CWZ
CYE
CYTXW
DATE
DCE
DCIN
DHFT
DHRM
DIAL
DMD
DNY
DPD
DPO
DRTX
DSCO
DTT
DTZ
DUA
DVM
EAA
EAC
EDG
EDT
EFM
EIPL
EIPO
ELA
ELB
ELOQ
EMQ
EMXX
EMZ
ENVI
EOPN
EOX
EPOC
ESD
ET
ETAK
ETF
ETUA
EU
EVAC
EXE
EXXI
FAV
FCLF
FDI
FES
FFN
FGC
FITBP
FJA
FNP
FOL
FRNK
FSG
FSL
FTT
FU
GAINP
GASZ
GAT
GCF
GEA
GEC
GED
GEG
GEJ
GEP
GEVA
GHI
GJD
GJK
GJM
GKM
GLADP
GLDC
GMA
GM-B
GOM
GOODN
GRMH
GRP
GSE
GSF
GSIG
GSJ
GSJK
GTAT
GTI
GTIV
GTU
GUA
GUL
GWAY
GWF
GWRU
GY
GYA
HAST
HAV
HAVNP
HBC
HBNK
HBOS
HCBK
HCC
HCII
HCIIW
HCS
HDY
HEK
HERO
HFFC
HGR
HHY
HIF
HIH
HILL
HIS
HITK
HITT
HJJ
HJL
HJN
HJO
HJR
HJT
HKN
HLSS
HLYS
HMA
HME
HMIN
HMPR
HNSN
HNT
HNZ
HOGS
HOTT
HOVU
HPAC
HPCCP
HPOL
HPTX
HPY
HSA
HSFT
HSH
HSOL
HSP
HTCH
HTCO
HTR
HTS
HTSI
HTWR
HVB
HWD
HWG
HXM
HYK
HYL
HYV
IACI
IBCA
IBCPO
ICGE
ICH
IDG
IDI
IDIX
IFO
IFSIA
IFT
IG
IGK
IGTE
IHS
IILG
IIT
IKAN
IM
IMF
INSD
INXBW
IRDMW
IRDMZ
IRETP
JBI
JBJ
JBO
JFBI
JGG
JGT
JGV
JHP
JLA
JMI
JPG
JPZ
JSN
JTP
JWF
JZC
JZJ
JZK
JZL
JZT
JZV
KFH
KHI
KIOR
KIPO
KIPS
KNR
KRFT
KRJ
KYAK
KYTH
LCPR
LDK
LNCO
LPLT
LPR
LPSBD
LRE
LSG
LSKY
MBC
MCOX
MDGN
MFRM
MHC
MHM
MHNA
MIL
MJC
MJI
MKN
MKS
MKTG
MLA
MLPL
MLU
MLVFD
MM
MNRKP
MOL
MOU
MPO
MRF
MSC
MSJ
MSK
MSZ
MTS
MWG
MWO
MWR
MXA
MXN
MYM
MYP
NAGS
NBJ
NBTF
NCO
NCP
NCQ
NCU
NFZ
NGX
NGZ
NIF
NIO
NKO
NKR
NMA
NMAR
NMARW
NMB
NMD
NMO
NMP
NNF
NNJ
NNP
NOVB
NPBCO
NPF
NPI
NPM
NPP
NPT
NPX
NPY
NQC
NQI
NQJ
NQM
NQN
NQS
NQU
NRC
NRGM
NRU
NTI
NTK
NTS
NUC
NUJ
NUN
NVC
NVJ
NVN
NVX
NVY
NXE
NXI
NXK
NXM
NXZ
NZH
NZW
OFF
OIBR
OILT
OKSBP
ONN
OPAY
OSH
OTT
PACQU
PACQW
PAMT
PIS
PJA
PJI
PJL
PJS
PKH
PKJ
PKK
PLMT
PLP
PRY
PSMI
PSY
PTGI
PTNT
PWX
PYB
PYC
PYG
PYK
PYV
QIHU
QRM
RECV
RGP
RIT
RNDY
RNE
RNF
ROICW
RPI
RSE
RSU
RSW
RVM
SANWW
SANWZ
SARA
SBW
SCMFO
SCPR
SCU
SDA
SED
SFB
SGL
SGNT
SHF
SILU
SKUL
SLA
SMF
SNHN
SPPRO
SPPRP
SSAM
STSI
SUSP
SVLC
SWSH
SWU
SYBTP
SZYM
TAI
TAS
TAYCP
TBAR
TBOW
TCC
TCHI
TEA
TECUB
TEU
TFCO
TFG
THER
TIE
TKMR
TMS
TNDQ
TRF
TRLA
TRND
TRNM
TRNX
TUMI
TWTI
TYN
TYY
TZD
TZE
TZG
TZI
TZL
TZV
TZYM
UBPSU
UBPSW
UNTK
UOIL
UPIP
USATZ
USMD
VELT
VHS
VITC
VNOD
VSNT
VTSS
VYFC
WHZ
WITE
WPK
WRT
XAA
XCJ
XFD
XFH
XFP
XFR
XKO
XLS
XVG
YOD
ZA
ZIP
ZNWAW
ZZC
ACCU
RRGR
WXSP
WFVK
GVT
RPX
RWG
TDD
TDH
TDN
TDV
TDX
LGEM
BRXX
CHXX
AGEM
GGEM
VGEM
EMT
OGEM
FGEM
HGEM
QGEM
TGEM
UGEM
NASI
EAPS
FDV
CU
PLTM
GGGG
ALUM
VROM
BRAF
JUNR
QQQM
QQQV
ABCS
FAA
BSCC
BSJC
BSCD
BSJD
BSCE
BSJE
BSCF
BSJF
GIY
EWEF
EWRI
EWRS
EWRM
EWMD
EWSM
RMB
EMER
GLJ
MUAB
MUAC
MUAD
MUAE
MUAF
CFT
MONY
FCHI
IFSM
IFAS
IFNA
FNIO
ENGN
AXJS
AAIT
AXDI
AXSL
AXEN
AXFN
AXHE
AXID
AXIT
AXMT
AXTE
AXUT
EWAS
EWCS
EMEY
EMDI
ESR
EEME
EMFN
EGRW
EMMT
EVAL
FEFN
EWHS
EWSS
NY
NYC
IWZ
IWW
ISI
NUCL
TZW
TZY
ITF
AMPS
CRBQ
COLX
RKH
GERJ
BONO
LATM
CHLC
FIVZ
TENZ
TRSY
BABZ
CAD
BUND
PLK
CVRT
PJB
PRN_
PIC
PIQ
PXLC
PXMC
PXSC
PKOL
PKN
PSTL
PWND
PTO
KBWC
KBWI
KBWX
PXN
PMNA
PYH
PAO
EEHB
IDHB
PWO
NKY
FINF
GDAY
UKW
UVU
UKF
UVG
UKK
UVT
UWC
UINF
SINF
SDK
SJL
SJF
SJH
TWQ
TLL
BTAH
QLT
NOMO
ONEF
LAG
XOVR
ELR
EMM
TMW
GMFS
VRD
ROI
UBIC
TXTR
TSRE
THRD
TAYCO
TANN
TAM
SUNE
STRZA
STCK
SSLT
SPDC
SPBC
SMPL
SFXE
SFN
SCTY
RNA
RLYP
RIOM
RGRC
RGRA
RGDO
REMY
RCPT
RCAP
RALY
QEPM
PSBH
PACT
OUTR
OCIR
NSLP
NLP
NCFT
NBCB
MWRX
MVNR
MNDL
MKTO
MHFI
MGJ
MBIS
LPTN
LPSB
LPDX
LIQD
LGP
LEAF
LDRH
LBMH
LABC
KFX
HART
HKTV
HTWO
ICEL
IEH
IMCB
INTLL
JACQU
JGW
GTPPP
GOMO
GDEF
FWV
FWM
FNRG
FISH
EVRY
EMMSP
DXM
DCUB
DCUA
DAEG
CUBIL
CSG
CSCB
CRRS
CPXX
COVR
COLE
COBK
COB
COA
CNSI
CMGE
CISAA
CLV
CIFC
CBMXW
BZC
BYLK
BVA
BOTA
BIND
BDBD
BAXS
BANCP
BAGR
AVIV
ATHL
ARPI
ARCPP
AQUUU
AMZG
AMCO
AMBI
ALTV
ALTL
ACT
ABGB
AALCP
VIEW
VMEM
VSB
WTSL
XOOM
ZFC
ZU
ARMF
ASPX
AZIA
BCHP
BOI
BRDR
BXUB
CACG
CAMB
CAMBU
CBSO
CBSTZ
CLDN
CLTX
CMSB
CNVR
CTF
CYNI
DBIZ
DRGS
EMDG
EMHD
ESCR
ESCRP
ETUB
EVDY
FCZAP
GLDE
GLDL
GLDS
GLRIW
GSMA
GSRA
GURX
HAWKB
HCACU
HCT
HDGI
HELI
HFIN
IBCB
IBDA
ITLY
JACQW
KING
LEVY
LMNS
MBF
MHLDO
MHW
MMF
MTCN
MTY
MUAG
MUAH
MUK
NES
NRX
NVEEW
NYCC
OXBRU
OXLCP
PFEM
PYY
PZB
QTET
QTETR
QTNTU
RGRI
RITTW
RIVR
ROIQ
ROIQU
RTGN
SGYPW
SHN
SIBC
SMTP
SMU
SOHOL
SQBK
STRZB
SWAY
SWH
SZMK
TLMR
TRIV
TZF
USMI
UTLT
VGGL
VLYWW
VRNGW
XRSC
CFRXZ
CHNA
CHNB
CNLMU
CRESW
CVSL
DAKP
DFF
DSKY
EPRS
ERW
ESTX
FCAM
FORX
FUTS
FXENP
GBSN
GGAC
HDRAR
HDRAU
IBMD
IBO
IGZ
LBRKR
LEVYU
MDLL
MDVXU
MIFI
MRD
MRKT
MULT
OSGB
OUBS
PGN
PRGNL
PSG
PTBI
QTNTW
RCPI
SCQ
SEMI
SIXD
SOHOM
SSE
SSRG
SYTL
TANO
TCPI
TECU
TFSCR
TPUB
TRTLW
TUBE
TYTE
UDF
VA
VPCO
VTAE
WLRH
WLRHU
WLRHW
YDLE
ZSPH
ZVV
CATYW
CADTW
BOCA
BNK
BDCV
BBLU
AXPW
AVOL
AUMAW
AUMAU
AMSGP
ABCW
AAVL
SLTD
RRM
ROIQW
PRSN
OCAT
LEVYW
INC
CSMB
CLACW
CISAW
CAMBW
AVNU
STXX
TFSCU
VLLV
VLSM
JMG
HDRA
ELECU
DELTW
CYNA
CPGX
CNLM
CDRB
CDORO
CBYL
BITI
ARWAU
APIC
TBRA
TOR
WOWO
YCB
NEPG
PCON
RMI
GCAA
PESC
AGFSW
BHACU
CERCZ
CNLMW
COYNW
CYRXW
DRWIW
DXI
EYEGW
GPACU
GPIAW
GRSHU
HCACW
LINDW
LMFAU
MESG
RPRXZ
TANP
TFSC
TFSCW
XCOM
ABEOW
ANDAR
ANDAW
ARWAW
BATRR
BHACW
BNTCW
CHEKW
CLRBZ
DDAY
DRIOW
EACQU
EAGLW
ELECW
FNTCU
GGACR
GRSHW
HCAPL
KLREW
KTOVW
LMFAW
ONSIU
OPGNW
PAVMU
PLSE
SRAQU
VKTXW
EOCA
SNHO
ARWA
ATMR
GRSH
HDRAW
MSDIW
OCLSW
ONTXW
SRAQ
SRAQW
SRTSW
TALL
