A
AA
AACPF
AACC
AAME
AAN
AAON
AAP
AAPL
AAU
AAV
AAWW
AB
ABAT
ABAX
ABB
ABC
ABCB
ABCD
ABCO
ABFS
ABG
ABIO
ABM
ABMD
ABR
ABT
ABTL
ABV
ABVA
ABX
ACAD
ACAS
ACAT
ACC
ACCL
ACE
ACET
ACFC
ACFN
ACGL
ACH
ACHN
ACI
ACIW
ACLS
ACM
ACN
ACNB
ACO
ACOM
ACOR
ACPW
ACTG
ACTS
ACU
ACUR
ACW
ACXM
ACY
ADAT
ADBE
ADC
ADEP
ADES
ADGE
ADI
ADK
ADM
ADP
ADS
ADSK
ADTN
ADUS
ADVS
ADX
ADY
AE
AEB
AEC
AED
AEE
AEG
AEGR
AEHR
AEIS
AEL
AEM
AEO
AEP
AEPI
AER
AERG
AERL
AES
AET
AETI
AEV
AEY
AEZS
AF
AFAM
AFCB
AFCE
AFE
AFF
AFFX
AFFY
AFG
AFL
AFOP
AFQ
AFSI
AG
AGCO
AGEN
AGII
AGM
AGN
AGNC
AGO
AGP
AGU
AGX
AGYS
AH
AHC
AHGP
AHL
AHPI
AHS
AHT
AI
AIG
AIM
AIMC
AIN
AINV
AIQ
AIR
AIRM
AIRT
AIT
AIV
AIXG
AIZ
AJG
AKAM
AKR
AKRX
AKS
ALB
ALC
ALCO
ALE
ALEX
ALG
ALGN
ALGT
ALIM
ALJ
ALK
ALKS
ALL
ALLB
ALLT
ALN
ALNC
ALNY
ALOG
ALOT
ALR
ALRN
ALSK
ALTE
ALTH
ALTI
ALTR
ALU
ALV
ALVR
ALX
ALXA
ALXN
AM
AMAG
AMAP
AMAT
AMBO
AMCC
AMCF
AMCN
AMD
AME
AMED
AMG
AMGN
AMIC
AMKR
AMLN
AMN
AMNB
AMOT
AMOV
AMP
AMPL
AMRB
AMRC
AMRI
AMRN
AMRS
AMS
AMSC
AMSF
AMSG
AMSWA
AMT
AMTD
AMWD
AMX
AMZN
AN
ANAC
ANAD
ANAT
ANCI
ANCX
ANDE
ANEN
ANF
ANGN
ANGO
ANH
ANIK
ANLY
ANN
ANNB
ANR
ANSS
ANTH
ANTP
ANV
ANW
ANX
AOI
AOL
AON
AONE
AOS
AOSL
AP
APA
APAGF
APC
APD
APEI
APFC
APH
API
APKT
APL
APOG
APOL
APP
APPY
APRI
APSA
APT
APU
AQQ
ARAY
ARB
ARBA
ARCI
ARCW
ARDNA
ARE
AREX
ARG
ARI
ARIA
ARII
ARKR
ARL
ARLP
ARM
ARMH
ARNA
ARO
AROW
ARP
ARQL
ARRS
ARRY
ARSD
ART
ARTC
ARTNA
ARTW
ARTX
ARUN
ARW
ARWR
ARX
ARYX
ASA
ASBC
ASBI
ASCA
ASCMA
ASEI
ASFI
ASFN
ASGN
ASH
ASI
ASIA
ASMI
ASML
ASPS
ASR
ASRV
ASTC
ASTE
ASTI
ASTM
ASUR
ASX
ASYS
AT
ATAI
ATAX
ATC
ATE
ATEA
ATEC
ATHN
ATHX
ATI
ATK
ATLO
ATLS
ATMI
ATML
ATNI
ATO
ATPG
ATR
ATRC
ATRI
ATRM
ATRO
ATSG
ATU
ATV
ATVI
ATW
ATX
AU
AUBN
AUDC
AUMN
AUO
AUTH
AUXL
AUY
AV
AVA
AVAV
AVB
AVCA
AVD
AVEO
AVF
AVGO
AVID
AVL
AVNR
AVNW
AVP
AVT
AVX
AVY
AWC
AWH
AWI
AWK
AWR
AWRE
AXAS
AXE
AXK
AXL
AXN
AXP
AXR
AXS
AXTI
AXU
AYI
AYR
AZC
AZK
AZN
AZO
AZPN
AZZ
B
BA
BAA
BABY
BAC
BAGL
BAH
BAK
BALT
BAM
BAMM
BANF
BANR
BAP
BAS
BASI
BAX
BBBY
BBD
BBEP
BBG
BBGI
BBL
BBNK
BBOX
BBRG
BBSI
BBT
BBVA
BBW
BBX
BBY
BC
BCA
BCBP
BCE
BCH
BCO
BCOV
BCPC
BCR
BCRX
BCS
BDC
BDE
BDGE
BDMS
BDN
BDSI
BDX
BEAT
BEAV
BEBE
BECN
BEE
BELFA
BELFB
BEN
BERK
BEST
BFED
BFIN
BFR
BFS
BG
BGC
BGCP
BGFV
BGG
BGS
BH
BHB
BHE
BHI
BHLB
BHP
BID
BIDU
BIDZ
BIG
BIIB
BIN
BIO
BIOC
BIOD
BIOF
BIOS
BIP
BIRT
BITA
BJRI
BK
BKCC
BKD
BKE
BKH
BKI
BKJ
BKMU
BKOR
BKR
BKS
BKYF
BLC
BLDP
BLDR
BLIN
BLKB
BLL
BLT
BLX
BMA
BMC
BMI
BMJ
BMO
BMR
BMRC
BMRN
BMS
BMTC
BMTI
BMY
BNCL
BNCN
BNHN
BNS
BNSO
BNVI
BOBE
BOCH
BODY
BOFI
BOH
BOKF
BOLT
BONA
BONT
BOOM
BOOT
BORN
BOSC
BOX
BP
BPAX
BPFH
BPHX
BPI
BPL
BPO
BPOP
BPT
BPZ
BR
BRC
BRCD
BRCM
BRD
BRE
BRFS
BRKL
BRKR
BRKS
BRLI
BRO
BRS
BRT
BRY
BSBR
BSDM
BSET
BSFT
BSI
BSPM
BSQR
BSRR
BSTC
BSX
BT
BTC
BTE
BTFG
BTH
BTI
BTN
BTU
BTUI
BTX
BUD
BUSE
BV
BVN
BVSN
BVX
BWA
BWC
BWEN
BWINB
BWLD
BWOW
BWP
BWS
BX
BXC
BXG
BXP
BXS
BYD
BYFC
BYI
BZ
BZH
C
CA
CAAS
CAB
CAC
CACB
CACC
CACH
CACI
CADC
CADX
CAE
CAFI
CAG
CAGC
CAH
CAJ
CAK
CAKE
CALD
CALI
CALL
CALM
CALX
CAM
CAMP
CAMT
CAP
CAPS
CAR
CARV
CAS
CASC
CASH
CASM
CASS
CASY
CAT
CATM
CATO
CATY
CAVM
CAVO
CAW
CAZA
CB
CBAK
CBAN
CBB
CBD
CBE
CBEH
CBEY
CBG
CBI
CBIN
CBK
CBKN
CBL
CBLI
CBM
CBMX
CBNJ
CBOE
CBOU
CBP
CBPO
CBR
CBRL
CBRX
CBS
CBSH
CBST
CBT
CBU
CBZ
CCBG
CCC
CCCL
CCE
CCF
CCG
CCH
CCI
CCIH
CCIX
CCJ
CCK
CCL
CCM
CCME
CCMP
CCNE
CCO
CCOI
CCRN
CCRT
CCSC
CCU
CCUR
CDE
CDI
CDNS
CDR
CDTI
CDXS
CDY
CDZI
CE
CEA
CEC
CECE
CECO
CEDC
CEDU
CEF
CEL
CELG
CELH
CELL
CENT
CENTA
CENX
CEO
CEP
CERN
CERP
CERS
CETV
CEVA
CF
CFBK
CFFC
CFFI
CFI
CFK
CFN
CFNB
CFNL
CFR
CFX
CGA
CGEN
CGI
CGNX
CGR
CGV
CGX
CHA
CHBT
CHC
CHCI
CHCO
CHD
CHDN
CHDX
CHE
CHEV
CHFN
CHG
CHGS
CHH
CHK
CHKE
CHKM
CHKP
CHL
CHLN
CHMT
CHNR
CHOP
CHRM
CHRW
CHS
CHSP
CHT
CHTP
CHTR
CHU
CHYR
CI
CIA
CIB
CIDM
CIE
CIEN
CIG
CIGX
CIM
CIMT
CINF
CIR
CIS
CISG
CIT
CITZ
CIX
CJJD
CKEC
CKH
CKP
CKSW
CKX
CL
CLB
CLC
CLCT
CLD
CLDT
CLDX
CLF
CLFD
CLGX
CLH
CLI
CLMS
CLMT
CLNE
CLNY
CLP
CLR
CLRO
CLS
CLSN
CLUB
CLW
CLWR
CLX
CM
CMA
CMC
CMCO
CMCSA
CMCSK
CME
CMFO
CMG
CMI
CMLP
CMLS
CMN
CMO
CMP
CMRE
CMRG
CMS
CMT
CMTL
CNA
CNAM
CNBC
CNBKA
CNC
CNET
CNH
CNI
CNIT
CNK
CNL
CNMD
CNO
CNP
CNQ
CNQR
CNS
CNSL
CNTF
CNTY
CNW
CNX
CNYD
CO
COBR
COBZ
COCO
CODE
CODI
COF
COG
COGO
COH
COHN
COHR
COHU
COKE
COL
COLB
COLM
CONM
CONN
COO
COOL
COP
COR
CORE
CORT
COSI
COST
COT
COV
COWN
CP
CPA
CPB
CPE
CPF
CPGI
CPHC
CPHD
CPHI
CPIX
CPK
CPL
CPLA
CPLP
CPN
CPNO
CPRT
CPRX
CPSI
CPSL
CPSS
CPST
CPT
CPTS
CPWR
CQB
CQP
CR
C-R
CRAI
CRAY
CRBC
CRC
CRDC
CRDN
CREE
CREG
CRESY
CRFN
CRH
CRI
CRIS
CRK
CRL
CRM
CRMD
CRME
CRMT
CRNT
CROX
CRR
CRRC
CRS
CRT
CRTP
CRTX
CRUS
CRVL
CRWN
CRWS
CRY
CRZO
CS
C-S
CSBC
CSBK
CSC
CSCD
CSCO
CSE
CSFL
CSFS
CSGP
CSGS
CSH
CSII
CSIQ
CSL
CSPI
CSRE
CSS
CSTR
CSU
CSUN
CSV
CSWC
CSX
CT
CTAS
CTB
CTBI
CTC
CTCH
CTCM
CTCT
CTDC
CTEL
CTFO
CTGX
CTHR
CTIB
CTIC
CTL
CTO
CTP
CTRN
CTRP
CTS
CTSH
CTWS
CTXS
CUB
CUK
CUR
CUTR
CUZ
CVA
CVBF
CVC
CVCO
CVD
CVE
CVG
CVGI
CVGW
CVH
CVI
CVLT
CVLY
CVM
CVO
CVR
CVS
CVTI
CVU
CVV
CVX
CW
CWBC
CWCO
CWEI
CWST
CWT
CWTR
CX
CXDC
CXM
CXO
CXPO
CXS
CXW
CXZ
CY
CYAN
CYBE
CYBI
CYBX
CYCC
CYD
CYH
CYMI
CYN
CYNO
CYOU
CYS
CYT
CYTK
CYTR
CYTX
CZNC
CZWI
CZZ
D
DAC
DAIO
DAKT
DAL
DAN
DANG
DAR
DARA
DAVE
DB
DBD
DBLE
DBLEP
DCI
DCM
DCO
DCOM
DCT
DCTH
DD
DDD
DDE
DDR
DDS
DE
DECK
DEER
DEG
DEI
DEJ
DEL
DELL
DENN
DEO
DEPO
DEST
DEXO
DF
DFR
DFS
DFT
DFZ
DG
DGAS
DGI
DGICA
DGII
DGIT
DGLY
DGX
DHI
DHIL
DHR
DHT
DHX
DIN
DIOD
DIS
DISCA
DISCK
DISH
DIT
DITC
DJCO
DK
DKS
DL
DLA
DLB
DLGC
DLIA
DLLR
DLR
DLTR
DLX
DM
DMEDF
DMLP
DMND
DMRC
DNB
DNBF
DNDN
DNN
DNR
DO
DOLE
DOM
DORM
DOV
DOVR
DOW
DOX
DPM
DPS
DPW
DPZ
DQ
DRAD
DRC
DRCO
DRE
DRH
DRI
DRIV
DRL
DRQ
DRRX
DRU
DRWI
DRYS
DSCI
DSGX
DSPG
DST
DSTI
DSW
DSWL
DSX
DTE
DTG
DTLK
DTSI
DTV
DUF
DUK
DUSA
DV
DVA
DVAX
DVD
DVN
DVOX
DVR
DW
DWA
DWCH
DWRE
DWSN
DX
DXCM
DXPE
DXR
DXYN
DY
DYAX
DYII
DYNT
DYSL
E
EAT
EBAY
EBF
EBIX
EBMT
EBR
EBS
EBSB
EBTC
EC
ECA
ECBE
ECHO
ECL
ECOL
ECPG
ECT
ECTY
ED
EDAC
EDAP
EDE
EDGR
EDGW
EDMC
EDN
EDR
EDS
EDU
EDUC
EE
EEFT
EEI
EEP
EEQ
EFC
EFII
EFSC
EFUT
EFX
EGAS
EGBN
EGHT
EGI
EGLE
EGN
EGO
EGOV
EGP
EGT
EGY
EHTH
EIG
EIHI
EIX
EJ
EL
ELGX
ELMD
ELN
ELNK
ELON
ELOS
ELP
ELRC
ELS
ELTK
ELX
ELY
EMAN
EMC
EMCI
EME
EMITF
EMKR
EML
EMMS
EMN
EMR
ENA
ENB
END
ENDP
ENG
ENH
ENI
ENL
ENMD
ENOC
ENR
ENS
ENSG
ENTG
ENTR
ENV
ENZ
ENZN
EOC
EOG
EONC
EPAX
EPAY
EPB
EPD
EPHC
EPIQ
EPL
EPM
EPR
EQIX
EQR
EQS
EQT
EQU
EQY
ERF
ERIC
ERIE
ERII
ERJ
EROC
ES
ESA
ESBF
ESBK
ESC
ESCA
ESE
ESEA
ESGR
ESI
ESIO
ESL
ESLT
ESP
ESRX
ESS
ESSA
ESSX
ESV
ESYS
ETE
ETFC
ETH
ETM
ETP
ETR
ETRM
EV
EVBN
EVBS
EVC
EVEP
EVI
EVOL
EVR
EW
EWBC
EXAC
EXAM
EXAR
EXAS
EXBD
EXC
EXEL
EXFO
EXH
EXK
EXL
EXLP
EXLS
EXM
EXP
EXPD
EXPE
EXPO
EXPR
EXR
EXTR
EZCH
EZPW
F
FACE
FAF
FALC
FARM
FARO
FAST
FBC
FBMI
FBMS
FBN
FBNC
FBP
FBR
FBSS
FC
FCAL
FCBC
FCCY
FCEL
FCF
FCFC
FCFS
FCH
FCN
FCNCA
FCS
FCTY
FCVA
FCX
FCY
FCZA
FDEF
FDML
FDO
FDP
FDS
FDX
FE
FEED
FEIC
FELE
FFBC
FFBH
FFCH
FFCO
FFEX
FFG
FFHL
FFI
FFIC
FFIN
FFIV
FFKT
FFKY
FFNM
FFNW
FGP
FHCO
FHN
FIBK
FICO
FIG
FII
FINL
FIO
FIRE
FIS
FISI
FISV
FIX
FIZZ
FL
FLEX
FLIC
FLIR
FLL
FLML
FLO
FLOW
FLR
FLS
FLT
FLWS
FLXS
FLY
FMBI
FMC
FMCN
FMD
FMER
FMFC
FMS
FMX
FN
FNB
FNBN
FNF
FNFG
FNGN
FNLC
FNSR
FOE
FOH
FOLD
FONR
FORD
FORM
FORR
FORTY
FOSL
FPO
FPP
FR
FRBK
FRC
FRD
FRED
FREE
FRF
FRM
FRME
FRO
FRS
FRT
FRX
FSBI
FSCI
FSFG
FSGI
FSI
FSII
FSIN
FSLR
FSP
FSR
FSRV
FSS
FST
FSTR
FSYS
FTE
FTEK
FTI
FTK
FTNT
FTR
FUBC
FUL
FULL
FULT
FUN
FUNC
FUQI
FUR
FURX
FVE
FWLT
FWRD
FXCB
FXCM
FXEN
G
GA
GABC
GAGA
GAI
GAIA
GAIN
GAME
GAS
GASS
GB
GBCI
GBG
GBL
GBLI
GBNK
GBR
GBX
GCA
GCAP
GCFB
GCI
GCO
GCOM
GD
GDI
GDOT
GDP
GE
GEF
GEL
GEN
GENC
GENE
GENT
GEO
GEOI
GEOY
GERN
GES
GET
GFA
GFED
GFF
GFI
GFIG
GFN
GG
GGAL
GGB
GGC
GGG
GGP
GGR
GGS
GHDX
GHL
GHM
GIB
GIFI
GIGA
GIGM
GIII
GIL
GILD
GILT
GIS
GIVN
GKK
GKNT
GKSR
GLAD
GLBS
GLBZ
GLCH
GLDD
GLF
XXXX
GLNG
GLP
GLPW
GLRE
GLT
GLUU
GLW
GM
GMAN
GMCR
GME
GMET
GMK
GMO
GMT
GMXR
GNCMA
GNI
GNK
GNMK
GNOM
GNRC
GNTX
GNVC
GNW
GOK
GOL
GOLF
GOOD
GOOG
GORO
GOV
GPC
GPI
GPIC
GPK
GPN
GPOR
GPR
GPRC
GPRE
GPRO
GPS
GPX
GR
GRA
GRC
GRH
GRIF
GRMN
GRNB
GRO
GROW
GRPN
GRT
GRVY
GRZ
GS
GSAT
GSB
GSBC
GSH
GSI
GSIT
GSK
GSL
GSM
GSOL
GSS
GST
GSX
GT
GWRE
IMN
IMO
IMOS
IMRS
IN
INAP
INCY
IND
INDB
INFA
INFI
INFN
INFU
INFY
ING
ININ
INMD
INO
INOC
INOD
INPH
INS
INSM
INT
INTC
INTL
INTT
INTU
INTX
INUV
INV
INVE
INZ
IO
IOC
IOSP
IOT
IP
IPAR
IPAS
IPCC
IPCI
IPCM
IPG
IPGP
IPHI
IPHS
IPI
IPT
IPXL
IR
IRBT
IRC
IRDM
IRE
IRET
IRF
IRIS
IRIX
IRM
IRS
IRWD
ISBC
ISCA
ISF
ISG
ISH
ISIG
ISIL
ISIS
ISLE
ISNS
ISP
ISR
ISRG
ISRL
ISS
ISSC
ISSI
IT
ITC
ITG
ITI
ITIC
ITMN
ITRI
ITRN
ITT
ITUB
ITW
IVAC
IVAN
IVC
IVN
IVR
IVZ
IXYS
JACK
JADE
JAG
JAH
JAKK
JASO
JAX
JAXB
JBHT
JBL
JBLU
JBSS
JBT
JCDA
JCI
JCOM
JCP
JCS
JCTCF
JDAS
JDSU
JEC
JEF
JGBO
JHX
JJSF
JKHY
JKS
JLL
JMBA
JMP
JNJ
JNPR
JNS
JNY
JOBS
JOE
JOEZ
JOSB
JOUT
JPM
JRCC
JRJC
JRN
JSDA
JSM
JST
JVA
JWN
JXSB
K
KAI
KALU
KAMN
KAR
KB
KBALB
KBH
KBR
KBW
KBX
KCAP
KCG
KCLI
KCP
KDN
KEG
KELYA
KEM
KEP
KEQU
KERX
KEX
KEY
KEYN
KEYW
KFFB
KFFG
KFN
KFRC
KFS
KFT
KFY
KGC
KGJI
KGN
KH
KID
KIM
KINS
KIRK
KITD
KKD
KKR
KLAC
KLIC
KMB
KMP
KMR
KMT
KMX
KND
KNDI
KNL
KNM
KNX
KNXA
KO
KOF
KOG
KONA
KONE
KONG
KOOL
KOP
KOPN
KORS
KOSS
KR
KRA
KRC
KRG
KRNY
KRO
KS
KSS
KSU
KSW
KSWS
KT
KTCC
KTEC
KTOS
KUB
KUTV
KVHI
KW
KWK
KWR
KXM
KYO
L
LABL
LACO
LAD
LAKE
LAMR
LANC
LAS
LAWS
LAYN
LAZ
LB
LBAI
LBIX
LBTYA
LBTYK
LBY
LCAV
LCC
LCI
LCRY
LCUT
LDL
LDR
LEA
LEAP
LECO
LEDR
LEDS
LEE
LEG
LEI
LEN
LF
LFC
LFL
LFUS
LG
LGCY
LGF
LGL
LGND
LH
LHCG
LHO
LIFE
LII
LIME
LINC
LINE
LINTA
LION
LIOX
LIVE
LIWA
LKFN
LL
LLEN
LLL
LLNW
LLTC
LM
LMAT
LMI
LMIA
LMNR
LMNX
LMT
LNBB
LNC
LNCE
LNCR
LNDC
LNET
LNG
LNKD
LNN
LNT
LO
LOAN
LOCM
LOGI
LOGM
LOJN
LONG
LOOK
LOPE
LORL
LOV
LOW
LPH
LPHI
LPL
LPLA
LPNT
LPS
LPSN
LPTH
LPX
LQDT
LRAD
LRCX
LRN
LRY
LSBI
LSBK
LSCC
LSE
LSI
LSTR
LTBR
LTC
LTD
LTM
LTON
LTRE
LTRX
LTS
LTXC
LUB
LUFK
LUK
LULU
LUNA
LUV
LUX
LVB
LVLT
LVS
LWAY
LXK
LXP
LXRX
LXU
LYB
LYG
LYTS
LYV
LZB
LZEN
M
MA
MAA
MAC
MAG
MAGS
MAIN
MAKO
MALL
MAN
MANH
MANT
MAPP
MAR
MARPS
MAS
MASC
MASI
MAT
MATW
MAXY
MAYS
MBA
MBFI
MBI
MBLX
MBND
MBRG
MBT
MBTF
MBVT
MBWM
MCBC
MCBF
MCBI
MCD
MCF
MCGC
MCHP
MCHX
MCK
MCO
MCP
MCRI
MCRL
MCRS
MCS
MCY
MCZ
MD
MDAS
MDC
MDCA
MDCI
MDCO
MDF
MDH
MDM
MDP
MDR
MDRX
MDSO
MDT
MDTH
MDU
MDVN
MDW
MEA
MEAD
MEAS
MED
MEDW
MEG
MEI
MELA
MELI
MEMS
MENT
MEOH
MERC
MERU
MET
METR
MFA
MFB
MFC
MFG
MFI
MFLX
MFNC
MFRI
MFSF
MG
MGA
MGAM
MGEE
MGH
MGI
MGIC
MGLN
MGM
MGN
MGPI
MGRC
MGT
MGYR
MHGC
MHH
MHK
MHLD
MHO
MHP
MHR
MIC
MIDD
MIG
MILL
MIND
MINI
MIPS
MITL
MJN
MKC
MKL
MKSI
MKTAY
MKTX
MLAB
MLG
MLHR
MLI
MLM
MLNK
MLNX
MLP
MLR
MLVF
MMC
MMLP
MMM
MMP
MMR
MMS
MMSI
MMUS
MMYT
MNDO
MNI
MNKD
MNOV
MNR
MNRK
MNRO
MNTA
MNTG
MNTX
MO
MOBI
MOC
MOCO
MOD
MOFG
MOH
MOLX
MOLXA
MON
MOS
MOSY
MOTR
MOV
MOVE
MPAA
MPAC
MPB
MPEL
MPET
MPG
MPR
MPW
MPWR
MPX
MR
MRCY
MRGE
MRH
MRK
MRLN
MRO
MRTN
MRVL
MRX
MS
MSA
MSB
MSBF
MSCC
MSCI
MSEX
MSFG
MSFT
MSG
MSL
MSM
MSN
MSO
MSON
MSPD
MSTR
MSW
MT
MTB
MTD
MTE
MTEX
MTG
MTH
MTN
MTOX
MTR
MTRX
MTSC
MTSL
MTSN
MTU
MTW
MTX
MTZ
MU
MUR
MUSA
MVC
MVG
MVIS
MVO
MW
MWA
MWE
MWIV
MWV
MWW
MXC
MXIM
MXL
MXT
MXWL
MY
MYGN
MYL
MYRG
MYRX
N
NABI
NAFC
NAII
NAK
NANO
NASB
NATH
NATI
NATL
NATR
NAUH
NAV
NAVG
NAVR
NBBC
NBG
NBIX
NBL
NBN
NBR
NBS
NBTB
NBY
NC
NCBC
NCI
NCIT
NCMI
NCR
NCS
NCT
NCTY
NDAQ
NDSN
NDZ
NE
NEBS
NED
NEE
NEI
NEM
NEN
NEOG
NEPT
NETC
NEU
NEWL
NEWN
NEWP
NEWS
NEWT
NEXS
NFBK
NFEC
NFG
NFLX
NFP
NFSB
NFX
NG
NGD
NGG
NGLS
NGPC
NGS
NGT
NHC
NHI
NHTB
NI
NICE
NICK
NIHD
NII
NILE
NINE
NJ
NJR
NKA
NKBP
NKE
NKSH
NKTR
NL
NLS
NLST
NLTX
NLY
NM
NMM
NMR
NMRX
NNA
NNBR
NNI
NNN
NOA
NOAH
NOC
NOG
NOIZ
NOK
NOOF
NOR
NOV
NOW
NP
NPBC
NPD
NPK
NPO
NPSP
NR
NRCI
NRF
NRG
NRGY
NRIM
NRP
NRT
NS
NSC
NSH
NSIT
NSM
NSPH
NSR
NSSC
NSU
NSYS
NTAP
NTCT
NTE
NTES
NTGR
NTIC
NTLS
NTN
NTRI
NTRS
NTSC
NTSP
NTWK
NTZ
NU
NUAN
NUE
NURO
NUS
NUTR
NUVA
NVAX
NVDA
NVE
NVEC
NVGN
NVMI
NVO
NVR
NVS
NVSL
NVTL
NWBI
NWE
NWFL
NWK
NWL
NWLI
NWN
NWPX
NWS
NWSA
NWY
NX
NXPI
NXST
NXTM
NXY
NYB
NYMT
NYMX
NYNY
NYT
NYX
O
OABC
OAS
OB
OBAF
OBCI
OC
OCFC
OCLR
OCLS
OCN
OCR
OCZ
ODC
ODFL
ODP
OEH
OESX
OFC
OFG
OFI
OFIX
OFLX
OGE
OGXI
OHI
OI
OII
OIIM
OINK
OIS
OKE
OKS
OKSB
OLBK
OLN
OLP
OMAB
OMC
OMCL
OME
OMER
OMEX
OMG
OMI
OMN
OMPI
OMX
ONB
ONCY
ONE
ONFC
ONNN
ONP
ONTY
ONVI
ONXX
OPEN
OPHC
OPK
OPLK
OPNT
OPOF
OPTR
OPTT
OPXA
OPXT
OPY
ORA
ORB
ORBC
ORBK
ORCC
ORCL
OREX
ORI
ORIT
ORLY
ORN
ORRF
OSBC
OSG
OSHC
OSIR
OSIS
OSK
OSN
OSTK
OSUR
OTEX
OTIV
OTTR
OUTD
OVBC
OVLY
OVRL
OVTI
OWW
OXBT
OXF
OXGN
OXM
OXY
OYOG
OZM
OZRK
PAA
PAAS
PAC
PACB
PACR
PACW
PAG
PAL
PAM
PANL
PATH
PATK
PATR
PAY
PAYX
PBCT
PBH
PBI
PBM
PBNY
PBR
PBT
PBTH
PBY
PC
PCAR
PCBK
PCC
PCCC
PCG
PCH
PCL
PCLN
PCP
PCS
PCTI
PCYC
PCYG
PCYO
PDCE
PDCO
PDEX
PDFS
PDII
PDLI
PDM
PDO
PDS
PEB
PEBO
PEET
PEG
PEGA
PEI
PEIX
PENN
PENX
PEOP
PEP
PERF
PERY
PESI
PETM
PETS
PFBC
PFBI
PFBX
PFE
PFG
PFIN
PFS
PFSW
PFX
PG
PGC
PGH
PGI
PGNX
PGR
PGTI
PH
PHA
PHG
PHH
PHI
PHII
PHIIK
PHM
PHMD
PHR
PHX
PICO
PII
PIKE
PIP
PIR
PJC
PKBK
PKD
PKE
PKG
PKI
PKOH
PKT
PKX
PKY
PL
PLAB
PLCC
PLCE
PLCM
PLD
PLFE
PLG
PLL
PLM
PLNR
PLOW
PLPC
PLT
PLUG
PLUS
PLX
PLXS
PLXT
PM
PMBC
PMC
PMCS
PMD
PMFG
PMT
PMTC
PMTI
PNC
PNFP
PNG
PNK
PNM
PNR
PNRA
PNRG
PNSN
PNW
PNX
PNY
PODD
POL
POM
POOL
POPE
POR
POT
POWI
POWL
POWR
POZN
PPBI
PPC
PPG
PPHM
PPL
PPO
PPS
PQ
PRA
PRAA
PRAN
PRCP
PRE
PRFT
PRGN
PRGO
PRGS
PRGX
PRI
PRIM
PRIS
PRK
PRKR
PRLS
PRMW
PRO
PROJ
PROV
PRPH
PRSC
PRST
PRTS
PRU
PRWT
PRX
PRXI
PRXL
PSA
PSB
PSDV
PSE
PSEM
PSID
PSMT
PSO
PSOF
PSS
PSSI
PSTB
PSTI
PSTR
PSUN
PT
PTEK
PTEN
PTIE
PTIX
PTN
PTNR
PTP
PTR
PTRY
PTSI
PTSX
PTX
PUDA
PUK
PULB
PULS
PURE
PVA
PVD
PVFC
PVG
PVH
PVR
PVSW
PVTB
PW
PWAV
PWE
PWER
PWOD
PWR
PWRD
PX
PXD
PXLW
PXP
PZE
PZG
PZN
PZZA
PZZI
QADA
QADB
QBC
QCCO
QCOM
QCOR
QCRH
QDEL
QEP
QGEN
QKLS
QLGC
QLIK
QLTI
QLTY
QMM
QNST
QRE
QSFT
QSII
QTM
QTWW
QUAD
QUIK
R
RA
RAD
RAH
RAI
RAIL
RAS
RAVN
RAX
RBA
RBC
RBCAA
RBCN
RBN
RBNF
RBPAA
RBS
RBY
RCI
RCII
RCKB
RCKY
RCL
RCMT
RCON
RDA
RDC
RDCM
RDEN
RDI
RDN
RDNT
RDWR
RDY
RE
RECN
REDF
REE
REED
REFR
REG
REGN
REIS
RELL
RELV
REN
RENN
RENT
RES
REV
REX
REXI
RF
RFIL
RFMD
RGA
RGC
RGCO
RGDX
RGEN
RGR
RGS
RHI
RHT
RIC
RICK
RIG
RIGL
RIMG
RIMM
RIO
RITT
RJET
RJF
RKT
RL
RLD
RLH
RLI
RLOC
RLOG
RMBS
RMCF
RMD
RMKR
RMTI
RMTR
RNET
RNIN
RNN
RNO
RNST
RNWK
ROC
ROCK
ROCM
ROG
ROIA
ROIAK
ROIC
ROK
ROL
ROLL
ROMA
ROP
ROSE
ROST
ROVI
ROX
ROYL
RP
RPC
RPM
RPRX
RPT
RPTP
RRC
RRD
RRGB
RRST
RRTS
RS
RSG
RSH
RSO
RSOL
RST
RSTI
RSYS
RT
RTEC
RTI
RTIX
RTK
RTLX
RTN
RUE
RUK
RUSHA
RUSHB
RUTH
RVBD
RVR
RVSB
RWC
RWT
RY
RYAAY
RYL
RYN
S
SA
SAAS
SABA
SAFM
SAFT
SAH
SAI
SAIA
SAL
SALM
SAM
SAN
SANM
SANW
SAP
SAPE
SAPX
SASR
SATC
SATS
SAVB
SB
SBAC
SBBX
SBCF
SBGI
SBH
SBLK
SBNY
SBR
SBRA
SBS
SBSA
SBSI
SBUX
SBX
SCBT
SCCO
SCG
SCHL
SCHS
SCHW
SCI
SCIL
SCKT
SCL
SCLN
SCMF
SCMP
SCMR
SCOK
SCON
SCOR
SCR
SCS
SCSC
SCSS
SCVL
SCX
SD
SDBT
SDIX
SDRL
SE
SEAC
SEB
SEE
SEED
SEH
SEIC
SEM
SEMG
SENEA
SEP
SF
SFD
SFE
SFG
SFI
SFL
SFLY
SFNC
SFST
SFUN
SFY
SGA
SGB
SGC
SGEN
SGI
SGK
SGMA
SGMO
SGMS
SGU
SGY
SGZ
SHAW
SHBI
SHEN
SHFL
SHG
SHI
SHIP
SHLD
SHLM
SHLO
SHO
SHOO
SHOR
SHP
SHS
SHW
SHZ
SI
SIAL
SID
SIF
SIFI
SIG
SIGA
SIGI
SIGM
SIHI
SILC
SIM
SIMG
SIMO
SINA
SINO
SIRI
SIRO
SIVB
SIX
SJI
SJM
SJR
SJT
SJW
SKH
SKM
SKS
SKT
SKX
SKY
SKYW
SLAB
SLB
SLF
SLG
SLGN
SLH
SLI
SLM
SLP
SLT
SLTC
SLTM
SLW
SLXP
SM
SMA
SMBL
SMCG
SMCI
SMED
SMFG
SMG
SMI
SMMF
SMP
SMRT
SMS
SMSC
SMSI
SMT
SMTC
SMTX
SNA
SNAK
SNBC
SNCR
SNDK
SNE
SNFCA
SNH
SNHY
SNI
SNMX
SNN
SNP
SNPS
SNSS
SNT
SNTA
SNTS
SNV
SNX
SNY
SO
SOCB
SODA
SOFO
SOHU
SOL
SOMH
SOMX
SON
SONA
SONC
SONS
SOQ
SORL
SPA
SPAR
SPB
SPCHA
SPCHB
SPEX
SPF
SPG
SPH
SPIL
SPIR
SPLS
SPMD
SPN
SPNC
SPNS
SPP
SPPI
SPPR
SPR
SPRD
SPRO
SPRT
SPSC
SPTN
SPU
SPW
SQI
SQM
SQNM
SR
SRCE
SRCL
SRDX
SRE
SRI
SRSL
SRT
SRZ
SSBI
SSD
SSI
SSL
SSN
SSNC
SSP
SSRI
SSRX
SSS
SSW
SSY
SSYS
ST
STAA
STAN
STBA
STC
STE
STEC
STEI
STEL
STEM
STFC
STI
STJ
STKL
STL
STLD
STLY
STM
STMP
STN
STND
STNG
STNR
STO
STON
STP
STR
STRA
STRI
STRL
STRM
STRN
STRS
STRT
STS
STSA
STV
STWD
STX
STXS
STZ
SU
SUBK
SUI
SUMR
SUN
SUNH
SUP
SUPX
SURG
SUSQ
SUSS
SUTR
SVA
SVBI
SVM
SVN
SVNT
SVU
SWC
SWFT
SWHC
SWI
SWIR
SWK
SWKS
SWM
SWN
SWS
SWX
SWY
SXI
SXL
SXT
SYA
SYBT
SYK
SYKE
SYMC
SYMM
SYMX
SYNA
SYNL
SYNM
SYNT
SYPR
SYSW
SYT
SYUT
SYX
SYY
T
TA
TAC
TACT
TAL
TAP
TASR
TAST
TAT
TAXI
TAYC
TAYD
TBAC
TBBK
TBI
TBNK
TC
TCB
TCBI
TCBK
TCCO
TCHC
TCI
TCK
TCL
TCO
TCRD
TCX
TD
TDBK
TDC
TDE
TDG
TDI
TDS
TDW
TDY
TE
TEAR
TECD
TECH
TECUA
TEF
TEG
TEL
TELK
TEN
TEO
TER
TESO
TESS
TEVA
TEX
TFM
TFSL
TFX
TG
TGA
TGAL
TGB
TGC
TGE
TGH
TGI
TGP
TGS
TGT
TGX
THC
THFF
THG
THI
THLD
THM
THO
THOR
THQI
THRX
THS
THTI
TI
TIBX
TICC
TIF
TIGR
TIII
TIK
TINY
TIS
TISA
TISI
TITN
TIVO
TJX
TK
TKC
TKR
TLAB
TLB
TLF
TLK
TLM
TLP
TLR
TM
TMH
TMK
TMNG
TMO
TMP
TNAV
TNC
TNGN
TNH
TNK
TNP
TNS
TOF
TOFC
TOL
TOO
TOPS
TORM
TOT
TOWN
TOWR
TPC
TPCG
TPGI
TPI
TPL
TPLM
TPX
TQNT
TR
TRAK
TRC
TREE
TREX
TRGP
TRGT
TRI
TRIB
TRIT
TRK
TRLG
TRMB
TRMD
TRMK
TRN
TRNO
TRNS
TROW
TRP
TRR
TRS
TRST
TRT
TRU
TRV
TRW
TS
TSCO
TSEM
TSH
TSL
TSLA
TSM
TSN
TSO
TSON
TSPT
TSRA
TSRI
TSRX
TSS
TSTC
TSU
TSYS
TTC
TTEC
TTEK
TTGT
TTHI
TTI
TTMI
TTO
TTWO
TU
TUC
TUES
TUP
TV
TVL
TW
TWC
TWER
TWGP
TWI
TWIN
TWMC
TWO
TWTC
TWX
TX
TXCC
TXI
TXN
TXRH
TXT
TYC
TYL
TYPE
TZOO
UA
UACL
UAL
UAM
UBA
UBCP
UBNK
UBOH
UBP
UBSH
UBSI
UCBA
UCBI
UCFC
UCTT
UDR
UDRL
UEC
UEIC
UEPS
UFCS
UFI
UFPI
UFPT
UFS
UG
UGI
UGP
UHAL
UHS
UHT
UIL
UIS
UL
ULBI
ULGX
ULTA
ULTI
ULTR
UMBF
UMC
UMH
UMPQ
UN
UNAM
UNB
UNF
UNFI
UNH
UNIS
UNM
UNP
UNS
UNT
UNTD
UPG
UPI
UPL
UPS
UQM
URBN
URG
URI
URRE
URS
URZ
USAK
USAP
USAT
USB
USBI
USEG
USG
USHS
USLM
USM
USMO
USNA
USPH
USTR
USU
UTEK
UTHR
UTI
UTIW
UTL
UTMD
UTSI
UTX
UUU
UVE
UVSP
UVV
UWN
V
VAL
VALE
VALU
VALV
VAR
VASC
VBFC
VCBI
VCI
VCLK
VCO
VDSI
VE
VECO
VFC
VG
VGR
VGZ
VHC
VHI
VIA
VIAS
VICL
VICR
VIFL
VII
VIMC
VIP
VIRC
VISN
VIST
VIT
VIV
VIVO
VLCCF
VLGEA
VLO
VLTR
VLY
VMC
VMED
VMI
VMW
VNDA
VNO
VNR
VOCS
VOD
VOLC
VOXX
VPFG
VPG
VPHM
VPRT
VQ
VR
VRA
VRML
VRNG
VRNM
VRNT
VRS
VRSK
VRSN
VRTB
VRTS
VRTU
VRTX
VRX
VSAT
VSBN
VSCI
VSCP
VSEC
VSH
VSI
VSR
VTG
VTNC
VTR
VTUS
VVC
VVI
VVTV
VVUS
VZ
WAB
WABC
WAC
WACLY
WAG
WAL
WASH
WAT
WATG
WAVX
WAYN
WBC
WBCO
WBK
WBMD
WBS
WBSN
WCBO
WCC
WCG
WCN
WCRX
WD
WDC
WDFC
WDR
WEBM
WEC
WEN
WERN
WES
WEST
WEX
WEYS
WF
WFC
WFD
WFR
WFT
WG
WGA
WGL
WGO
WH
WHG
WHR
WHX
WIBC
WILC
WIN
WINA
WIRE
WIT
WLB
WLDN
WLFC
WLFCP
WLK
WLL
WLP
WLT
WM
WMAR
WMB
WMCO
WMGI
WMK
WMS
WMT
WNC
WNR
WNS
WOOF
WOR
WPC
WPCS
WPI
WPO
WPP
WPPGY
WPRT
WPZ
WR
WRB
WRC
WRD
WRE
WRES
WRI
WRLD
WRLS
WSB
WSBC
WSBF
WSCI
WSFS
WSH
WSM
WSO
WSR
WST
WSTG
WSTL
WTBA
WTFC
WTI
WTM
WTR
WTS
WTSLA
WTT
WTW
WU
WVVI
WWAY
WWE
WWIN
WWVY
WWW
WWWW
WX
WXS
WY
WYN
WYNN
WYY
WZE
X
XATA
XCO
XEC
XEL
XIDE
XIN
XL
XLNX
XNPT
XNY
XOM
XOMA
XPL
XPO
XRA
XRAY
XRM
XRS
XRTX
XRX
XTEX
XTXI
XUE
XWES
XXIA
Y
YAVY
YDNT
YGE
YHOO
YMI
YNDX
YOKU
YONG
YORW
YPF
YRCW
YTEC
YUII
YUM
YZC
ZAGG
ZBB
ZBRA
ZEP
ZEUS
ZGNX
ZHNE
ZIGO
ZINC
ZION
ZIOP
ZIPR
ZIXI
ZLC
ZLCS
ZMH
ZN
ZNH
ZOLT
ZOOM
ZQK
ZUMZ
ZZ
BLK
BRK-B
BRK-A
ACCO
ACG
ACHC
ACMP
ACP
ACRE
ACRX
ACTV
ADNC
ADT
AEF
AEGN
AEH
AEK
AFA
AFB
AFC
AFM
AFSD
AFT
AFW
AGC
AGD
AGIIL
AGLS
AGNCP
AGOL
AGRO
AHB
AJB
AKP
AL
ALCS
ALSN
ALT
AMBA
AMBT
AMCX
AMID
AMPE
AMRE
AMTG
ANCB
ANFI
ANGI
AOD
APB
APF
APO
APTS
AQ
ARC
ARCC
ARCO
ARCP
ARCT
ARK
ARN
ARR
ARU
ARY
ASBB
ASBCW
ASG
ASM
ASNA
ASP
ASTX
ATL
ATNY
ATRS
ATTU
AUQ
AVG
AVHI
AVK
AVV
AWAY
AWF
AWP
AXX
AYN
BAF
BANC
BANCL
BANFP
BBCN
BBF
BBK
BBN
BCDS
BCEI
BCF
BCOM
BCOR
BCSB
BCV
BCX
BDJ
BEAM
BERY
BFK
BFLY
BFO
BFY
BFZ
BGB
BGCA
BGMD
BGR
BGT
BGX
BGY
BHD
BHK
BHL
BHV
BHY
BIE
BIF
BIOL
BJZ
BKEP
BKEPP
BKK
BKN
BKSC
BKT
BKU
BKW
BLE
BLH
BLJ
BLMN
BLMT
BLND
BLOX
BLRX
BLW
BME
BNA
BNJ
BNNY
BNY
BOE
BONE
BOTJ
BOVA
BPK
BPOPM
BPOPN
BPP
BPS
BQH
BQR
BQY
BREW
BRN
BRP
BSAC
BSD
BSE
BSL
BSMX
BSP
BSQ
BTA
BTF
BTO
BTT
BTZ
BUI
BUR
BWF
BWG
BWINA
BWOWW
BXDC
BXE
BXUC
BYM
BZM
BZMD
BZT
CAF
CARB
CBF
CBNK
CCA
CCCLW
CCXI
CEB
CEBK
CEE
CELGZ
CEM
CEMI
CEMP
CERE
CET
CEV
CFD
CFFN
CFP
CG
CGO
CH
CHEF
CHFC
CHI
CHKR
CHN
CHSCP
CHUY
CHW
CHXF
CHY
CIF
CII
CIK
CIZN
CJES
CLBH
CLIR
CLM
CLNT
CLRX
CLVS
CLWT
CMK
CMU
CMVT
CNCO
CNDO
CNPF
CNSIV
COY
CPAC
CPAH
CPBC
CPP
CRDS
CRF
CRMB
CRMBW
CRP
CRRB
CRV
CSI
CSMN
CSOD
CSP
CSQ
CSTE
CTQ
CTR
CTRX
CTU
CTW
CTX
CUBA
CUBE
CUI
CUNB
CVCY
CVOL
CWH
CWHN
CWHO
CWZ
CXE
CXH
CYE
CYTXW
CZR
DATE
DBL
DCA
DCE
DCIN
DCIX
DDF
DDT
DEX
DFRG
DGICB
DHF
DHFT
DHG
DHRM
DHY
DIAL
DKT
DLHC
DLPH
DMD
DMF
DMO
DNI
DNKN
DNP
DNY
DPD
DPG
DPO
DRAM
DRD
DRTX
DSCO
DSM
DSS
DSU
DTF
DTK
DTQ
DTT
DTZ
DUA
DUC
DVM
DXB
DYN
EA
EAA
EAC
EAD
ECF
ECTE
ECYT
EDD
EDF
EDG
EDT
EEA
EFM
EFR
EFT
EGAN
EGF
EGL
EHI
EIA
EIM
EIO
EIP
EIPL
EIPO
EIV
ELA
ELB
ELJ
ELLI
ELOQ
EMCF
EMD
EMF
EMI
EMJ
EMO
EMQ
EMXX
EMZ
ENPH
ENVI
ENX
EOD
EOI
EOPN
EOS
EOT
EOX
EPAM
EPOC
EQM
ERB
ERC
ERH
ESD
ESMC
ESTE
ET
ETAK
ETB
ETF
ETG
ETJ
ETN
ETO
ETUA
ETV
ETW
ETY
EU
EVAC
EVER
EVF
EVG
EVJ
EVM
EVN
EVO
EVP
EVT
EVV
EVY
EXA
EXD
EXE
EXG
EXXI
FABK
FAC
FAM
FANG
FAV
FAX
FB
FBHS
FBIZ
FBNK
FBRC
FCLF
FCO
FCT
FDI
FDUS
FEIM
FEN
FENG
FEO
FES
FET
FF
FFA
FFC
FFN
FGB
FGC
FHY
FIF
FITB
FITBP
FIVE
FJA
FLC
FLDM
FLTX
FMN
FMNB
FMO
FMY
FNHC
FNP
FNV
FOF
FOL
FOR
FPT
FRA
FRAN
FRGI
FRNK
FRP
FSBK
FSC
FSD
FSG
FSL
FSM
FT
FTF
FTT
FU
FUND
GAB
GAINP
GALE
GALT
GAM
GASZ
GAT
GBAB
GBDC
GCBC
GCF
GCH
GCV
GCVRZ
GDF
GDL
GDO
GDV
GEA
GEB
GEC
GED
GEG
GEJ
GEOS
GEP
GEQ
GER
GEVA
GEVO
GF
GFY
GGE
GGN
GGT
GHI
GIG
GIM
GJD
GJK
GJM
GJO
GJP
GJR
GJT
GJV
GKM
GLADP
GLDC
GLO
GLOG
GLOW
GLQ
GLU
GLV
GMA
GM-B
GMED
GMLP
GNC
GNE
GNT
GOF
GOLD
GOM
GOODN
GOODO
GPL
GPM
GRF
GRFS
GRMH
GRP
GRR
GRX
GSE
GSF
GSIG
GSJ
GSJK
GSV
GSVC
GTAT
GTE
GTI
GTIM
GTIV
GTLS
GTN
GTS
GTU
GTXI
GTY
GUA
GUID
GUL
GURE
GUT
GV
GVA
GVP
GWAY
GWF
GWR
GWRU
GWW
GXP
GY
GYA
GYB
GYC
GYRO
GZT
H
HA
HAE
HAFC
HAIN
HAL
HALL
HALO
HAR
HAS
HAST
HAUP
HAV
HAVNP
HAYN
HBAN
HBANP
HBC
HBCP
HBHC
HBI
HBIO
HBK
HBM
HBMD
HBNC
HBNK
HBOS
HCA
HCBK
HCC
HCCI
HCII
HCIIP
HCIIW
HCKT
HCLP
HCN
HCOM
HCP
HCS
HCSG
HD
HDB
HDNG
HDSN
HDY
HE
HEB
HEES
HEI
HEK
HELE
HEOP
HEP
HEQ
HERO
HES
HF
HFBC
HFC
HFFC
HFWA
HGG
HGH
HGR
HGT
HH
HHC
HHS
HHY
HI
HIBB
HIF
HIFS
HIG
HIH
HIHO
HII
HIL
HILL
HIMX
HIO
HIS
HITK
HITT
HIW
HIX
HJJ
HJL
HJN
HJO
HJR
HJT
HJV
HK
HKN
HL
HLF
HLIT
HLS
HLSS
HLX
HLYS
HMA
HMC
HME
HMH
HMIN
HMN
HMPR
HMST
HMSY
HMY
HNH
HNI
HNP
HNR
HNRG
HNSN
HNT
HNW
HNZ
HOFT
HOG
HOGS
HOLI
HOLL
HOLX
HOMB
HOME
HON
HOS
HOT
HOTT
HOV
HOVNP
HOVU
HP
HPAC
HPCCP
HPF
HPI
HPJ
HPOL
HPP
HPQ
HPS
HPT
HPTX
HPY
HQH
HQL
HR
HRB
HRC
HRG
HRL
HRS
HRT
HRZN
HSA
HSC
HSFT
HSH
HSIC
HSII
HSKA
HSNI
HSOL
HSON
HSP
HST
HSTM
HSY
HT
HTA
HTBI
HTBK
HTCH
HTCO
HTD
HTF
HTGC
HTGY
HTGZ
HTH
HTHT
HTLD
HTLF
HTM
HTR
HTS
HTSI
HTWR
HTY
HTZ
HUBG
HUM
HUN
HURC
HURN
HUSA
HVB
HVT
HW
HWAY
HWBK
HWCC
HWD
HWG
HWKN
HXL
HXM
HY
HYB
HYF
HYGS
HYI
HYK
HYL
HYT
HYV
HZNP
HZO
IACI
IAE
IAF
IAG
IART
IBA
IBCA
IBCP
IBCPO
IBIO
IBKC
IBKR
IBM
IBN
IBOC
ICA
ICAD
ICB
ICCC
ICE
ICFI
ICGE
ICH
ICLR
ICON
ICPT
ICUI
IDA
IDCC
IDE
IDG
IDI
IDIX
IDN
IDRA
IDSY
IDT
IDTI
IDXX
IEC
IEP
IESC
IEX
IF
IFF
IFMI
IFN
IFO
IFON
IFSIA
IFT
IG
IGA
IGC
IGD
IGI
IGK
IGLD
IGOI
IGR
IGT
IGTE
IHC
IHD
IHG
IHS
IID
IIF
III
IIIN
IIJI
IILG
IIM
IIN
IIT
IIVI
IKAN
IKNX
IL
ILMN
IM
IMAX
IMF
IMGN
IMH
IMI
IMKTA
IMMR
IMMU
IMPV
IMUC
INB
INF
INGR
INN
INSD
INVN
INWK
INXBW
INXN
IPB
IQI
IQNT
IRDMW
IRDMZ
IRETP
IRG
IRL
IROQ
IRR
ISD
ISL
ISM
IX
JAZZ
JBI
JBJ
JBK
JBN
JBO
JCE
JDD
JE
JEQ
JFBI
JFC
JFR
JGG
JGT
JGV
JHI
JHP
JHS
JIVE
JLA
JLS
JMF
JMI
JMT
JOB
JOF
JOY
JPC
JPG
JPI
JPS
JPZ
JQC
JRI
JRO
JRS
JSD
JSN
JTA
JTD
JTP
JWF
JZC
JZJ
JZK
JZL
JZT
JZV
KAP
KCC
KED
KEF
KF
KFH
KFI
KHI
KIOR
KIPO
KIPS
KMF
KMG
KMI
KMM
KMPR
KNR
KOS
KRFT
KRJ
KSM
KST
KTF
KTH
KTN
KTP
KYAK
KYE
KYN
KYTH
LAQ
LBF
LBTYB
LCM
LCNB
LCPR
LDF
LDK
LDP
LEO
LFVN
LGI
LKQ
LLY
LMCA
LMOS
LNCO
LOCK
LODE
LOR
LPI
LPLT
LPR
LPSBD
LRE
LSG
LSKY
LVNTA
LXFR
MAB
MACK
MANU
MARK
MATL
MATR
MATX
MAV
MBC
MCA
MCBK
MCC
MCEP
MCI
MCN
MCOX
MCQ
MCR
MDGN
MDLZ
MEET
MEIP
MEMP
MEN
MFD
MFL
MFM
MFO
MFRM
MFT
MFV
MGF
MGR
MGU
MHC
MHD
MHE
MHF
MHI
MHM
MHN
MHNA
MHNB
MHY
MIL
MIN
MITK
MITT
MIW
MIY
MJC
MJI
MKN
MKS
MKTG
MLA
MLPL
MLPY
MLU
MLVFD
MM
MMD
MMT
MMU
MMV
MN
MNE
MNGA
MNP
MNRKP
MNST
MOL
MORN
MOU
MPA
MPC
MPO
MPV
MQT
MQY
MRC
MRF
MSC
MSD
MSF
MSI
MSJ
MSK
MSLI
MSP
MSZ
MTDR
MTGE
MTL
MTOR
MTRN
MTS
MTSI
MTT
MUA
MUC
MUE
MUH
MUI
MUJ
MUS
MUX
MVF
MVT
MWG
MWO
MWR
MX
MXA
MXE
MXF
MXN
MYC
MYD
MYE
MYF
MYI
MYJ
MYM
MYN
MYP
MZA
MZF
NAC
NAD
NAGS
NAI
NAN
NAT
NAVB
NAZ
NBB
NBD
NBH
NBHC
NBJ
NBO
NBTF
NBW
NCA
NCB
NCO
NCP
NCQ
NCU
NCV
NCZ
NDP
NDRO
NEA
NEON
NETE
NEV
NFJ
NFZ
NGL
NGVC
NGX
NGZ
NHF
NHS
NIE
NIF
NIM
NIO
NJV
NKG
NKO
NKR
NKX
NLNK
NLSN
NMA
NMAR
NMARW
NMB
NMD
NMFC
NMI
NMO
NMP
NMT
NMY
NMZ
NNC
NNF
NNJ
NNP
NNY
NOM
NOVB
NPBCO
NPF
NPI
NPM
NPN
NPP
NPT
NPTN
NPV
NPX
NPY
NQ
NQC
NQI
NQJ
NQM
NQN
NQP
NQS
NQU
NRC
NRGM
NRK
NRO
NRU
NSL
NSP
NTC
NTG
NTI
NTK
NTL
NTS
NTT
NTX
NUC
NUJ
NUM
NUN
NUO
NUV
NUW
NVC
NVDQ
NVG
NVJ
NVN
NVX
NVY
NXC
NXE
NXI
NXJ
NXK
NXM
NXN
NXP
NXQ
NXR
NXZ
NYH
NYV
NZF
NZH
NZW
OAK
OBAS
OCC
OFF
OIA
OIBR
OILT
OKSBP
ONN
ONSM
OPAY
OPXAW
ORBT
ORIG
OSBCP
OSH
OSM
OTT
OXLC
P
PACD
PACQU
PACQW
PAI
PAMT
PANW
PAR
PB
PBA
PBIB
PBMD
PBSK
PCBC
PCF
PCK
PCM
PCN
PCO
PCOM
PCQ
PCRX
PDH
PDI
PDT
PEBK
PEO
PER
PERI
PES
PFD
PFH
PFK
PFL
PFLT
PFMT
PFN
PFO
PFPT
PGP
PGRX
PHD
PHF
PHK
PHT
PHYS
PIM
PIS
PIY
PJA
PJI
PJL
PJS
PKH
PKJ
PKK
PKO
PLBC
PLMT
PLP
PMF
PML
PMM
PMO
PMX
PNBK
PNF
PNI
PNNT
PNTR
POST
PPP
PPR
PPT
PRLB
PRSS
PRY
PSEC
PSF
PSLV
PSMI
PSW
PSX
PSY
PTGI
PTNT
PTY
PVTBP
PWX
PYB
PYC
PYG
PYK
PYN
PYS
PYT
PYV
PZC
QIHU
QLYS
QQQX
QRM
RADA
RAND
RATE
RCG
RCS
RECV
REGI
REXX
RFI
RFP
RGLD
RGLS
RGP
RHP
RIF
RIT
RJD
RLGT
RLGY
RLJ
RLJE
RM
RMT
RNDY
RNE
RNF
RNP
RNR
ROICW
ROSG
ROYT
RPAI
RPI
RPXC
RQI
RRMS
RSE
RSU
RSW
RVM
RVP
RVT
RXN
RZA
SAND
SANWW
SANWZ
SAR
SARA
SAVE
SBI
SBW
SCD
SCHN
SCMFO
SCPR
SCU
SDA
SDR
SDT
SED
SENEB
SEV
SFB
SGF
SGL
SGNT
SGOC
SGRP
SGYP
SHF
SHOS
SHPG
SIEB
SIFY
SILU
SIR
SIVBO
SKBI
SKUL
SLA
SLCA
SLMAP
SLRC
SMBC
SMF
SMIT
SMLP
SMM
SN
SNHN
SOR
SPAN
SPE
SPLK
SPLP
SPPRO
SPPRP
SPWR
SQNS
SRC
SREV
SRF
SRPT
SRV
SSAM
SSFN
SSH
SSTK
STAG
STB
STBZ
STK
STSI
STT
SUNS
SUPN
SUSP
SVBL
SVLC
SVT
SVVC
SWJ
SWSH
SWU
SWZ
SXC
SYBTP
SYN
SYNC
SYRG
SZC
SZYM
TAHO
TAI
TAIT
TAOM
TARO
TAS
TATT
TAX
TAYCP
TBAR
TBOW
TCAP
TCBIL
TCC
TCHI
TCP
TCPC
TDF
TDJ
TEA
TECUB
TEI
TEU
TFCO
TFG
TGD
TGR
THER
THR
THRM
TIE
TKF
TKMR
TLI
TLLP
TLYS
TMS
TNDQ
TNGO
TPZ
TRF
TRIP
TRLA
TRND
TRNM
TRNX
TROV
TROVU
TROVW
TROX
TRQ
TRX
TSBK
TSI
TSRO
TST
TTF
TTM
TTP
TTS
TTTM
TUMI
TVC
TVE
TWN
TWTI
TY
TYG
TYN
TYY
TZD
TZE
TZG
TZI
TZL
TZO
TZV
TZYM
UAMY
UAN
UBFO
UBNT
UBPSU
UBPSW
UBS
UDNT
UNTK
UNTY
UNXL
UOIL
UPIP
USA
USATZ
USCR
USMD
UTF
UTG
UUPT
UZA
VAC
VBF
VC
VCF
VCRA
VCV
VELT
VFL
VGI
VGM
VHS
VIAB
VIDE
VIPS
VITC
VKI
VKQ
VLT
VMM
VMO
VNET
VNOD
VNTV
VOC
VPV
VRTA
VSNT
VSTM
VTA
VTN
VTSS
VVR
VYFC
WAFD
WAGE
WAIR
WBKC
WDAY
WEA
WEBK
WETF
WFM
WHZ
WIA
WIFI
WILN
WITE
WIW
WMC
WPK
WPX
WRN
WRT
WSFSL
WVFC
WWD
XAA
XBKS
XCJ
XFD
XFH
XFP
XFR
XKE
XKO
XLS
XOXO
XVG
XYL
YELP
YOD
Z
ZA
ZAZA
ZF
ZIP
ZLTQ
ZNGA
ZNWAW
ZTR
ZX
ZZC
AAT
ACCU
RRGR
WXSP
WFVK
GVT
RPX
RWG
TDD
TDH
TDN
TDV
TDX
LGEM
BRXX
CHXX
AGEM
GGEM
VGEM
EMDD
EMT
OGEM
FGEM
HGEM
IGEM
QGEM
TGEM
UGEM
NASI
EAPS
FDV
CU
PLTM
FVI
GGGG
ALUM
VROM
BRAF
JUNR
QQQM
QQQV
ABCS
FAA
BSCC
BSJC
BSCD
BSJD
BSCE
BSJE
BSCF
BSJF
GIY
EWEF
EWRI
EWRS
EWRM
EWMD
EWSM
RMB
EMER
GLJ
MUAB
MUAC
MUAD
MUAE
MUAF
CFT
MONY
FCHI
IFSM
IFAS
IFNA
FNIO
RTL
ENGN
AXJS
AAIT
AXDI
AXSL
AXEN
AXFN
AXHE
AXID
AXIT
AXMT
AXTE
AXUT
EWAS
EWCS
EMEY
EMDI
ESR
EEME
EMFN
EGRW
EMMT
EVAL
FEFN
EWHS
EWSS
NY
NYC
IWZ
IWW
ISI
NUCL
TZW
TZY
ITF
AMPS
CRBQ
COLX
RKH
GERJ
BONO
LATM
CHLC
FIVZ
TENZ
AUD
TRSY
BABZ
CAD
BUND
PLK
PMA
CVRT
PJB
PRN_
PIC
PIQ
PXLC
PXMC
PXSC
PKOL
PKN
PSTL
PWND
PTO
KBWC
KBWI
KBWX
PXN
PMNA
PYH
PAO
PCA
EEHB
IDHB
PWO
NKY
FINF
GDAY
UKW
UVU
UKF
UVG
UKK
UVT
UWC
UINF
SINF
SDK
SJL
SFK
SJF
SKK
SJH
TWQ
TLL
BTAH
QLT
NOMO
ONEF
LAG
XOVR
ELR
EMM
TMW
KME
GMFS
VRD
ROI
VET
VEEV
UUUU
VCYT
USAC
UIHC
UCP
UBIC
TXTR
TXMD
TWTR
TTPH
TSRE
TSC
TRMR
TRCH
TPRE
TPH
TNXP
TNDM
TMUS
TMHC
TLOG
TIPT
TILE
THST
THRD
TGTX
THGA
TGLS
TEP
TDA
TCS
TCFC
TCBIP
TAYCO
TANN
TAM
SXE
SXCP
SUNE
STRZA
STRP
STML
STCK
STAR
STAY
SSNI
SSLT
SRNE
SRLP
SQBG
SPHS
SPDC
SPCB
SPBC
SOHO
SMPL
SLMBP
SGZA
SGM
SFXE
SFM
SFN
SFBC
SEAS
SDLP
SCTY
SBY
SBRAP
SBGL
SBFG
SAMG
SALT
SALE
SAIC
SAEX
RVLT
RTRX
RNG
RNA
RMGN
RMAX
RLYP
RKUS
RIOM
RIBT
RGRC
RH
RGRA
RGDO
REXR
RESI
REMY
REI
RDHL
RCPT
RCAP
RALY
QUNR
QUMU
QTS
QIWI
QPAC
QEPM
QBAK
Q
PVTD
PTCT
PTLA
PTC
PSXP
PSBH
PSIX
PRTA
PRH
PPSI
PLPM
PME
PJH
PINC
PGEM
PF
PETX
PEGI
PED
PCMI
PBYI
PBPB
PBIP
PBF
PAGP
PACT
OXFD
OVAS
OTEL
OUTR
ORMP
ORM
ORAN
ORC
OPHT
ONVO
ONTX
OMED
OLED
OHRP
OGEN
OGCP
OCRX
OCIR
OCIP
OAKS
NYMTP
NYLD
NYCB
NVGS
NWBO
NVEE
NSTG
NSPR
NSLP
NRZ
NRCIB
NRCIA
NNVC
NMIH
NMBL
NLP
NEO
NECB
NCLH
NDLS
NCFT
NBCB
MZOR
MYCC
MWRX
MVNR
MSTX
MRTX
MSCA
MRIN
MPLX
MONT
MNK
MODN
MNDL
MMI
MKTO
MIXT
MICT
MHFI
MGNX
MGJ
MGCD
MEP
MEIL
MDXG
MBIS
MBII
MAMS
LPTN
LXFT
LPSB
LON
LPDX
LND
LITB
LIQT
LIN
LIQD
LGP
LGIH
LEAF
LDRH
LDOS
LBMH
LARK
LAND
LABC
KWN
KPTI
KODK
KMDA
KNOP
KIN
KFX
KBIO
JTPY
JONE
JMPB
HART
HASI
HAWK
HBP
HCAP
HCI
HCJ
HDS
HGSH
HIIQ
HKTV
HLT
HMG
HMHC
HMNF
HMNY
HMTV
HOTR
HSBC
HSEA
HSEB
HTBX
HTWO
I
IBTX
ICEL
ICLD
IDSA
IEH
IHT
IKGH
IMCB
IMMY
INBK
INSY
INTG
INTLL
IPDN
IPWR
JACQU
JGW
GWPH
GTWN
GTT
GTPPP
GRAM
GPT
GOODP
GOMO
GLYC
GOGO
GLPI
GLDI
GK
GIMO
GFNCP
GEK
GEH
GDEF
FWV
FWM
FUEL
FTD
FSCFL
FSCE
FSBW
FPRX
FOXF
FOXA
FOX
FNRG
FMI
FITBI
FISK
FISH
FI
FEYE
FCSC
FCCO
FCAP
FATE
EVTC
EVRY
EVOK
EVK
EVHC
EVGN
ESXB
ESRT
ESPR
ESNT
ESBA
ERS
EROS
ERA
EPZM
ENZY
ENTA
ENT
EMMSP
ELSE
EIGI
ECOM
EARN
EAGLU
EAGL
DXM
DXLG
DVCR
DUKH
DSKX
DRII
DOOR
DOC
DLNG
DKL
DISCB
DGSE
DDC
DCUB
DCUA
DATA
DAEG
CZFC
CYCCP
CXP
CVT
CVRR
CUDA
CUBIL
CUBI
CTT
CTRL
CTG
CSTM
CST
CSG
CSCB
CRVP
CRTO
CRRS
CQH
CPXX
CPS
COVS
COVR
COTY
CORR
CONE
COMM
COLE
COBK
COB
COA
CNSI
CNOB
CNHI
CNAT
CMRX
CMGE
CISAA
CLV
CIFC
CHMI
CHMG
CHGG
CGIX
CGG
CEQP
CDW
CCV
CCCR
CBMXW
CART
CANF
CACQ
BZC
BYLK
BYBK
BXMT
BVA
BTG
BURL
BRSS
BRID
BPY
BPFHW
BPFHP
BOTA
BNFT
BLUE
BIOA
BIND
BGI
BFAM
BEP
BDR
BDL
BDBD
BCRH
BCC
BBRY
BBDO
BAXS
BANCP
BAGR
AXLL
AXGN
AXDX
AWX
AVIV
AVH
ATOS
ATLC
ATHM
ATHL
ASC
ARPI
ARMK
ARIS
ARCX
ARCPP
AR
AQUUU
APWC
APAM
ANIP
AMZG
AMH
AMCO
AMC
AMBI
AMBC
ALTV
ALTL
ALDW
AKG
AIY
AIW
AIRI
AHP
AHH
AGIO
AGI
AFH
AERI
ADXS
ADMP
ADHD
ACT
ABGB
ACST
ABEV
ABBV
AAOI
AAMC
AALCP
AAL
VIEW
VJET
VLP
VLRS
VLTC
VMEM
VNCE
VNRAP
VOYA
VSB
VTNR
WBAI
WBB
WCIC
WFBI
WGP
WHLR
WIX
WLH
WNRL
WPT
WSTC
WTSL
WUBA
WWAV
XGTI
XLRN
XNCR
XON
XONE
XOOM
XPLR
XTLB
YDKN
YUME
YY
ZBK
ZFC
ZTS
ZU
ACSF
ADMS
ADXSW
AGTC
AIB
AIF
AKAO
AKBA
AKER
ALLE
ALLY
ALQA
AMBCW
AMBR
AMDA
AMRK
AQXP
ARCB
ARDC
ARGS
ARMF
ASPX
ASRVP
ATEN
ATNM
AZIA
BANX
BCHP
BGH
BIT
BLFS
BLVD
BLVDU
BOI
BOXC
BPTH
BRDR
BRG
BRX
BRZS
BXUB
CACG
CAMB
CAMBU
CARA
CBA
CBPX
CBSO
CBSTZ
CELP
CEN
CERU
CHSCN
CHSCO
CIO
CLDN
CLTX
CMCT
CMFN
CMSB
CNCE
CNR
CNVR
CORI
COUP
CPG
CPTA
CRCM
CSLT
CTF
CTY
CVB
CWAY
CYHHZ
CYNI
CYRN
DBIZ
DFP
DMB
DPRX
DRGS
DRNA
DSL
EAB
EAE
EBIO
EDI
EFF
EGLT
EGRX
ELU
EMDG
EMES
EMHD
ENBL
ENJ
ENLC
ENLK
ENSV
EPE
ESCR
ESCRP
ETUB
ETX
EURZ
EVAR
EVDY
FCZAP
FEI
FFBCW
FGL
FIVN
FLXN
FPF
FPI
FPL
FRBA
FRSH
FSFR
FSIC
FULLL
GALTW
GARS
GGM
GHC
GHY
GJH
GLDE
GLDL
GLDS
GLMD
GLRI
GLRIW
GMETP
GMZ
GNCA
GOOGL
GPRK
GRUB
GSMA
GSRA
GURX
HAWKB
HCAC
HCACU
HCT
HDGI
HEAR
HELI
HFBL
HFIN
HIVE
HKOR
HNNA
HOTRW
HRTX
IBCB
IBDA
IBP
ICLDW
IMS
INGN
IRT
ISDR
ITCI
ITLT
ITLY
IVH
JACQW
JBR
JMLP
JMPC
JPNS
JPW
KANG
KATE
KING
KIO
KMPA
KN
KORZ
LADR
LE
LEJU
LEVY
LJPC
LLEX
LMCB
LMNS
LPCN
LPT
LQ
MBF
MBUU
MC
MCV
MDWD
MHG
MHLDO
MHNC
MHW
MICTW
MIE
MMF
MRCC
MRVC
MTCN
MTY
MUAG
MUAH
MUK
MVCB
NADL
NAVI
NES
NEWM
NGHC
NID
NIQ
NML
NORD
NRX
NSEC
NSS
NTP
NVEEW
NVFY
NWBOW
NWHM
NYCC
NYRT
OFS
OGS
OPB
OPWR
OXBRU
OXLCO
OXLCP
PAH
PAHC
PAYC
PBHC
PCI
PCTY
PFEM
PFIE
PFIS
PFSI
PGZ
PIH
PLKI
PNTA
PPHMP
PPX
PYY
PZB
QTET
QTETR
QTNTU
QTWO
QURE
RARE
REPH
RFT
RGRI
RGSE
RGT
RIBTW
RICE
RITTW
RIVR
ROIQ
ROIQU
RSPP
RTGN
RUBI
RVNC
RXDX
RXII
SABR
SAQ
SC
SCAI
SCM
SGYPW
SHN
SIBC
SLRA
SLVO
SMLR
SMTP
SMU
SNOW
SOHOL
SP
SPPP
SPWH
SQBK
SSWN
STRZB
SWAY
SWH
SYRX
SZMK
TCCA
TEDU
TLMR
TNET
TPVG
TRCB
TRIV
TRVN
TRXC
TSLF
TSLX
TWOU
TZF
USMI
UTLT
VGGL
VLYWW
VNRBP
VRNGW
VRNS
VSAR
VTL
VTRB
VZA
WATT
WB
WHF
WHFBL
WMGIZ
XGTIW
XRSC
XXII
ZIONW
ZOES
CCZ
CDK
CDNA
CFG
CFRX
CFRXW
CFRXZ
CHNA
CHNB
CHRS
CHSCM
CIVI
CLA
CLACU
CLRB
CLRBW
CMCM
CMPR
CNLMU
CNNX
CNV
CNXR
COWNL
CPHR
CRESW
CRTN
CTLT
CTRE
CTV
CUO
CVEO
CVSL
CYBR
DAKP
DBVT
DCUC
DERM
DFF
DNOW
DPLO
DRA
DSE
DSKY
EARS
ECC
ECR
EFOI
EHIC
ELLO
ENFC
ENRJ
ENVA
EPRS
EQC
EQCO
ERI
ERW
ESTX
EVLV
EXCU
EYES
EZT
FCAM
FCAU
FCB
FELP
FFWM
FGEN
FMBH
FMSA
FNFV
FNJN
FOMX
FORX
FRPH
FRPT
FSAM
FSNN
FUTS
FWP
FXENP
GAINO
GBIM
GBSN
GFNSL
GGAC
GGZ
GJS
GLADO
GLOB
GLOP
GNBC
GRBK
GULTU
GWB
GWGH
HABT
HDP
HDRAR
HDRAU
HIE
HMLP
HQY
HRTG
HSGX
HTGX
HUBS
HYH
IBMD
IBO
ICD
ICL
IGZ
IMDZ
IMNP
IMPR
INCR
INNL
INVT
IRDMB
IRMD
ISTR
JASN
JASNW
JD
JGH
JMEI
JMM
JPEP
JRVR
JUNO
JYNT
KBAL
KE
KEYS
KIQ
KITE
KLXI
KTWO
KZ
LBRDA
LBRDK
LBRKR
LC
LEU
LEVYU
LGCYO
LGCYP
LMCK
LMRK
LOCO
LOXO
LPG
LTRPA
LVNTB
MARA
MBCN
MBFIP
MBLY
MCUR
MDLL
MDLY
MDSY
MDVXU
MEILZ
MELR
MIFI
MIK
MMAC
MOBL
MOLG
MOMO
MORE
MRD
MRKT
MRNS
MTBC
MTGEP
MTLS
MULT
MYOS
NAME
NAO
NAP
NDRM
NEFF
NEOT
NEP
NERV
NEWR
NGHCP
NMS
NSAM
NTIP
NTRSP
NVCN
NVRO
NXTD
NXTDW
OCUL
OEC
OHAI
OMAM
ONDK
ORPN
OSGB
OTIC
OUBS
OUT
OXBR
OXBRW
OXLCN
PARN
PARR
PBCP
PBFX
PE
PFNX
PGN
PGRE
PLAY
PRAH
PRGNL
PRQR
PRTK
PRTO
PSG
PTBI
PVCT
QRHC
QSR
QTNT
QTNTW
QVCA
QVCB
RCPI
RDUS
RESN
RFTA
RIGP
RMP
ROKA
RWLK
RYAM
RYI
SAGE
SAJA
SBCP
SBLKL
SBNA
SBNB
SCQ
SCYX
SDPI
SEMI
SERV
SFBS
SFS
SGBK
SGNL
SHLDW
SHLX
SIEN
SIXD
SKIS
SKYS
SLCT
SLTB
SNC
SNR
SOHOM
SPKE
SPOK
SRSC
SSB
SSE
SSRG
STOR
SYF
SYTL
TANO
TBIO
TBK
TBPH
TCPI
TCRX
TECU
TENX
TERP
TFSCR
TGEN
THQ
TIME
TKAI
TMST
TOUR
TPUB
TRCO
TREC
TRIL
TRTLU
TRTLW
TRUE
TRUP
TSE
TSNU
TSQ
TTOO
TUBE
TVPT
TYTE
UDF
UPLD
USDP
UZB
VA
VBIV
VBLT
VBTX
VCEL
VEC
VISI
VNOM
VNRCP
VPCO
VRTV
VSLR
VTAE
VTTI
VWR
W
WAFDW
WGBS
WHLM
WHLRP
WHLRW
WK
WLKP
WLRH
WLRHU
WLRHW
WPG
WTFCW
XCRA
XENE
XENT
XNET
YDLE
YUMA
ZAYO
ZBZX
ZEN
ZFGN
ZPIN
ZSPH
ZVV
CCS
CCLP
CBSHP
CBO
CBMG
CBFV
CBAY
CATYW
CASI
CARO
CAPN
CAPL
CALA
CADTW
BWFG
BST
BSF
BOCA
BNK
BLCM
BHBK
BEL
BDCV
BCLI
BBLU
BBEPP
BAR
BABA
AXTA
AXPWW
AXPW
AVOL
AVAL
AUPH
AUMAW
AUMAU
ATTO
ATRA
AST
ASPN
ASMB
ARES
ARDX
ARDM
APTO
APDNW
APDN
ANY
ANTM
ANET
AMTX
AMSGP
AMPH
AMFW
ALDX
ALDR
AINC
AGRX
AGNCB
AFMD
AFGE
ADPT
ADMA
ACTA
ABY
ABRN
ABDC
ABCW
ABAC
AAVL
AAC
SMMT
SLTD
SHAK
RRM
ROIQW
RAVE
QRVO
QPACW
PRSN
PN
PDVW
PATI
ONCE
OHGI
OFED
OCAT
OA
NVTA
NVET
NSAT
NHTC
NHLD
NCOM
MXPT
MDVX
LTXB
LEVYW
LENS
LBIO
ITEK
INOV
INC
ICBK
HYIH
HRMNU
HQCL
HIFR
HCHC
GSBD
GGACW
FSB
FNWB
FNBC
FLKS
EURN
ENTL
DIAX
DEA
CUBS
CTSO
CTRV
CSMB
CPSH
CPPL
CLLS
CLACW
CLAC
CISAW
CHEK
CHSCL
CAPR
CAPNW
CAMBW
BXMX
BLPH
BLBD
AVNU
AVGR
ASND
ASB
APPS
AJX
AIII
AIC
SPXX
STDY
STXX
SUM
SWNC
TANH
TCCB
TCON
TFSCU
UE
VLLV
VLSM
VNRX
VSTO
VUZI
WBA
WMLP
XHR
ZAIS
ZSAN
RTTR
RPD
RKDA
RENX
RELY
RELX
QPACU
PULM
PYPL
PUB
PTXP
PRTY
PIRS
PGND
PGLC
OPGN
OOMA
ONCS
ON
OLLI
NYMTO
NVLS
NVIV
NTRA
NSA
MOKO
MLSS
MJCO
MCRN
MCRB
MCFT
MB
LSBG
LNTH
LIND
LILAK
LILA
KRNT
KMPH
KHC
JP
JNP
JMG
JCAP
JAGX
IVTY
ITUS
HZN
HTGM
HLTH
HLG
HDRA
GPP
GOGL
GNRT
GNL
GLPG
GKOS
GI
GDDY
FTRPR
FSV
FTAI
FOGO
FIT
FENX
FCFP
FBIO
EVH
ETSY
EVA
ESND
ESES
ERN
EPIX
EQGP
EPC
ELECU
EGIF
ECCA
DTEA
DSXN
DNAI
DELTW
DELT
CYNA
CYAD
CXRX
CVRS
CUBN
CSAL
CRBP
CPGX
COLL
CNXC
CNLM
CLCD
CLBS
CIVBP
CIVB
CIGI
CHMA
CHCT
CFMS
CGNT
CETX
CDTX
CDRB
CDORO
CDOR
CCD
CC
CBYL
CATB
CAL
CAFD
CABO
BZUN
BXLT
BWXT
BW
BVXV
BUFF
BSM
BPMX
BPMC
BOJA
BLVDW
BLD
BKFS
BITI
AZUR
AYA
ARWAU
AXON
APPF
APLE
APIC
ANTX
ALRM
AJRD
AGM-A
AFSS
AEUA
AEMD
ADRO
ABEO
ACV
AAPC
SEDG
SHOP
SPNE
SRG
STKS
SXCL
TACO
TACOW
TBRA
TDOC
TEGP
TGNA
THW
TIER
TIL
TLN
TOR
TRTL
UFAB
UNVR
VDTH
VEDL
VIRT
VKTX
WING
WOWO
WRK
WTFCM
XBIT
XTLY
YCB
YECO
ZBH
NTEC
NEPG
PCON
RMI
GLBL
XELB
VTVT
AIMT
BETR
BNTC
GCAA
PESC
PLNT
RUN
ZYNE
AAAP
ABE
ABTX
ABUS
ACBI
ACRS
ADAP
AFCO
AFGH
AFST
AGFS
AGFSW
AKTX
APHB
APLP
AQMS
AROC
AVXL
AXSM
BGSF
BHAC
BHACU
BNED
CAA
CAI
CBIO
CBX
CCP
CERC
CERCZ
CETC
CFCB
CINR
CNFR
CNLMW
COYN
COYNW
CRHM
CSWI
CTMX
CTZ
CYRX
CYRXW
DHXM
DLTH
DMTX
DRWIW
DTRM
DXI
ECACU
EDGE
EMG
EQBK
EQFN
ESNC
EVRI
EXTN
EYEG
EYEGW
FCPT
FDC
FDEU
FGBI
FORK
GAINN
GBT
GDEN
GNOW
GPACU
GPIA
GPIAU
GPIAW
GRSHU
HCACW
HLI
HPE
IBKCP
INST
IOTS
JHA
JHY
KEN
KLDX
KURA
LINDW
LITE
LIVN
LMFAU
LOB
MEILW
MESG
MESO
MIME
MIRN
MPSX
MSGN
MTCH
MYOK
NBRV
NEOS
NGHCO
NGHCZ
NK
NRE
NVCR
NXRT
OASM
PAAC
PAACU
PEN
PFGC
PJT
PMTS
PRZM
PSTG
PVBC
PXS
PYDS
QUOT
RACE
RGNX
RNVA
RPRXZ
SAUC
SBBP
SBOT
SGRY
SITO
SKLN
SOJA
SPXC
SQ
SRCLP
STAF
TANP
TFSC
TFSCW
TLGT
TMUSP
TPVZ
TTNP
VER
VIAV
VYGR
WEB
WINS
WMIH
WPXP
WVE
WYIGU
XCOM
XTNT
ZG
LGF-B
LGF-A
DFFN
CRSP
CRD-B
CRD-A
CIG-C
CFCOW
CFCO
CERCW
CDEVW
CDEV
CBS-A
BWL-A
BMLA
BIOP
BL
BIO-B
BHACR
BF-B
BF-A
BCTF
AZRX
AZRE
AXARW
ATOM
ATH
ASIX
ARNC
ARCH
AQN
AMMA
ALBO
AKO-B
ABEOW
ABIL
ACIA
ADVM
AGLE
ALJJ
ANDAR
ANDAW
ARLZ
ARWAW
AVIR
AVXS
BATRA
BATRK
BATRR
BGNE
BHACW
BNTCW
BOFIL
BSTG
CCRC
CDXC
CFCOU
CHEKW
CLRBZ
CSBR
DDAY
DFBG
DRIO
DRIOW
EACQ
EACQU
EAGLW
EBAYL
EDIT
EIGR
ELEC
ELECW
EVGBC
EVLMC
EVSTC
FH
FNTCU
GBLIZ
GGACR
GRSHW
GWRS
HBANO
HBHCL
HCAPL
HCM
IAC
IBKCO
IDXG
INVA
IONS
IZEA
JSYNU
KELYB
KLREU
KLREW
KTOV
KTOVW
LINK
LMFA
LMFAW
LSXMA
LSXMK
MFIN
MRUS
MSBI
MTP
NAKD
NCBS
NEWTL
NNDM
NOVT
NTLA
NVTR
ONSIU
OPGNW
PACEU
PAVMU
PBBI
PLSE
PZRX
RILY
RMR
RRR
SBPH
SCWX
SELF
SHSP
SNDX
SPI
SRAQU
SSKN
SUNW
TEAM
TVIA
ULH
USATP
VKTXW
VRAY
VTGN
WINT
WKHS
WLTW
WYIG
XRDC
YIN
AC
AFI
AGR
ARA
BKHU
CSRA
CTAA
ECCZ
ENIA
ENIC
ENO
EOCA
EOCC
GCP
GMS
GMTA
HUBB
ITCB
JHD
LMHA
MCX
MFCB
MFS
MGP
NGVT
NHA
NOMD
OMF
OSB
PBB
QHC
RIV
SCNB
SFR
SITE
SNHO
SPGI
SUPV
TCRZ
TLRD
TPB
UZC
YRD
ATKR
DRUA
COE
PTHN
OR
HRI
DYNC
COTV
TRTN
MHLA
ITGR
GATX
LN
APFH
DTJ
FTV
USFD
RZB
KDMN
EHT
GMRE
BBU
WALA
TWLO
AIRG
APOP
APTI
APVO
ARWA
ATMR
BMCH
BMRA
BOKFL
BOLD
CCN
CCNWW
CHUBA
CHUBK
CLDC
CLDCW
CLSD
CNXN
COGT
CPAA
CPAAU
CRVS
DMPI
DXTR
DZSI
EACQW
EKSO
EVBG
FHB
FNCX
GAINM
GEMP
GOODM
GOVNI
GRSH
HBANN
HDRAW
HONE
HOPE
HPTRP
INFO
IRCP
JMU
JSYN
JSYNR
JSYNW
KBSF
KLRE
KNSL
LANDP
LCA
LMRKO
LMRKP
LONE
LTEA
MACQU
MATN
MBRX
MBVX
MDGL
MDGS
MDVXW
MEDP
MFINL
MIIIU
MINDP
MSDI
MSDIW
MTBCP
NGHCN
NH
NOVN
NXEO
NXEOU
NXEOW
OCLSW
ONS
ONTXW
PAACW
PACE
PACEW
PBNC
PI
PTGX
PTI
RDIB
RETA
RNDB
RNVAZ
SCACU
SELB
SMBK
SNDE
SNHNI
SNHNL
SOHOB
SRAQ
SRAQW
SRTS
SRTSW
STLRU
SYRS
TALL
TANNI
TANNL
TANNZ
TCMD
TLND
TPIC
TRNC
VIVE
WCFB
WHLRD
CTBB
DCUD
DVMT
EAI
ELC
EMP
FBK
JHB
LMHB
MDLX
MRT
NBLX
NTB
OMAA
NTNX
ACGLP
ACIU
ADNT
ADSW
AHPAU
AKO-A
