A
AA
AAME
AAN
AAON
AAP
AAPL
AAU
AAV
AAWW
AB
ABAX
ABB
ABC
ABCB
ABCD
ABCO
ABG
ABIO
ABM
ABMD
ABR
ABT
ABTL
ABX
ACAD
ACAS
ACAT
ACC
ACET
ACFC
ACFN
ACGL
ACH
ACHN
ACIW
ACLS
ACM
ACN
ACNB
ACO
ACOR
ACTG
ACU
ACUR
ACW
ACXM
ACY
ADAT
ADBE
ADC
ADES
ADGE
ADI
ADK
ADM
ADP
ADS
ADSK
ADTN
ADUS
ADX
ADY
AE
AEB
AED
AEE
AEG
AEHR
AEIS
AEL
AEM
AEO
AEP
AEPI
AER
AERG
AES
AET
AETI
AEY
AEZS
AF
AFAM
AFCB
AFE
AFFY
AFG
AFL
AFSI
AG
AGCO
AGEN
AGII
AGM
AGN
AGNC
AGO
AGU
AGX
AGYS
AHC
AHGP
AHL
AHPI
AHT
AI
AIG
AIMC
AIN
AINV
AIQ
AIR
AIRM
AIRT
AIT
AIV
AIXG
AIZ
AJG
AKAM
AKR
AKRX
AKS
ALB
ALCO
ALE
ALEX
ALG
ALGN
ALGT
ALIM
ALJ
ALK
ALKS
ALL
ALLT
ALN
ALNY
ALOG
ALOT
ALR
ALSK
ALTE
ALTI
ALV
ALX
ALXA
ALXN
AM
AMAG
AMAT
AMCC
AMCF
AMCN
AMD
AME
AMED
AMG
AMGN
AMKR
AMN
AMNB
AMOT
AMOV
AMP
AMRB
AMRC
AMRI
AMRN
AMRS
AMS
AMSC
AMSF
AMSWA
AMT
AMTD
AMWD
AMX
AMZN
AN
ANAT
ANCX
ANDE
ANF
ANGO
ANH
ANIK
ANSS
ANTH
ANW
AOI
AON
AOS
AOSL
AP
APA
APC
APD
APEI
APH
APOG
APOL
APRI
APT
APU
ARAY
ARCI
ARCW
ARE
AREX
ARI
ARIA
ARII
ARKR
ARL
ARLP
ARM
ARNA
AROW
ARQL
ARRS
ARRY
ARTNA
ARTW
ARTX
ARW
ARWR
ARYX
ASA
ASCMA
ASFI
ASGN
ASH
ASML
ASPS
ASR
ASRV
ASTC
ASTE
ASUR
ASX
ASYS
AT
ATAI
ATAX
ATEA
ATEC
ATHN
ATHX
ATI
ATLO
ATLS
ATNI
ATO
ATR
ATRC
ATRI
ATRM
ATRO
ATSG
ATU
ATV
ATVI
ATW
AU
AUBN
AUDC
AUMN
AUO
AUY
AVA
AVAV
AVB
AVD
AVEO
AVGO
AVID
AVNW
AVP
AVT
AVX
AVY
AWH
AWI
AWK
AWR
AWRE
AXAS
AXE
AXL
AXN
AXP
AXR
AXS
AXTI
AXU
AYI
AYR
AZN
AZO
AZPN
AZZ
B
BA
BAA
BABY
BAC
BAH
BAK
BAM
BANF
BANR
BAP
BAS
BASI
BAX
BBBY
BBD
BBG
BBGI
BBL
BBOX
BBRG
BBSI
BBT
BBVA
BBW
BBY
BC
BCBP
BCE
BCH
BCO
BCOV
BCPC
BCR
BCRX
BCS
BDC
BDE
BDGE
BDMS
BDN
BDSI
BDX
BEAT
BEAV
BEBE
BECN
BELFA
BELFB
BEN
BERK
BEST
BFIN
BFR
BFS
BG
BGC
BGCP
BGFV
BGG
BGS
BH
BHB
BHE
BHI
BHLB
BHP
BID
BIDU
BIG
BIIB
BIO
BIOC
BIOS
BIP
BITA
BJRI
BK
BKCC
BKD
BKE
BKH
BKJ
BKMU
BKOR
BKS
BLDP
BLDR
BLIN
BLKB
BLL
BLT
BLX
BMA
BMI
BMO
BMRC
BMRN
BMS
BMTC
BMY
BNCL
BNCN
BNS
BNSO
BOBE
BOCH
BOFI
BOH
BOKF
BONT
BOOM
BOOT
BORN
BOSC
BOX
BP
BPFH
BPI
BPL
BPOP
BPT
BR
BRC
BRCD
BRFS
BRKL
BRKR
BRKS
BRO
BRS
BRT
BSBR
BSET
BSFT
BSPM
BSQR
BSRR
BSTC
BSX
BT
BTE
BTI
BTN
BTX
BUD
BUSE
BV
BVN
BVSN
BVX
BWA
BWEN
BWINB
BWLD
BWP
BX
BXC
BXP
BXS
BYD
BYFC
BZH
C
CA
CAAS
CAB
CAC
CACB
CACC
CACI
CADC
CAE
CAG
CAH
CAJ
CAKE
CALD
CALI
CALL
CALM
CALX
CAMP
CAMT
CAPS
CAR
CARV
CASC
CASH
CASM
CASS
CASY
CAT
CATM
CATO
CATY
CAVM
CAW
CB
CBAK
CBAN
CBB
CBD
CBG
CBI
CBK
CBL
CBLI
CBM
CBMX
CBOE
CBPO
CBR
CBRL
CBS
CBSH
CBT
CBU
CBZ
CCBG
CCC
CCCL
CCE
CCF
CCI
CCIH
CCJ
CCK
CCL
CCM
CCMP
CCNE
CCO
CCOI
CCRN
CCU
CCUR
CDE
CDI
CDNS
CDR
CDTI
CDXS
CDZI
CE
CEA
CEC
CECE
CECO
CEF
CEL
CELG
CELH
CENT
CENTA
CENX
CEO
CERN
CERS
CETV
CEVA
CF
CFBK
CFFI
CFI
CFNB
CFNL
CFR
CFX
CGA
CGEN
CGI
CGNX
CGR
CHA
CHCI
CHCO
CHD
CHDN
CHE
CHFN
CHH
CHK
CHKE
CHKP
CHL
CHMT
CHNR
CHRW
CHS
CHSP
CHT
CHTR
CHU
CI
CIA
CIB
CIDM
CIE
CIEN
CIG
CIM
CINF
CIR
CIT
CIX
CJJD
CKH
CKX
CL
CLB
CLC
CLCT
CLD
CLDT
CLDX
CLF
CLFD
CLGX
CLH
CLI
CLMS
CLMT
CLNE
CLNY
CLR
CLRO
CLS
CLSN
CLUB
CLW
CLX
CM
CMA
CMC
CMCO
CMCSA
CME
CMFO
CMG
CMI
CMLS
CMO
CMP
CMRE
CMS
CMT
CMTL
CNA
CNBKA
CNC
CNET
CNH
CNI
CNIT
CNK
CNMD
CNO
CNP
CNQ
CNS
CNSL
CNTF
CNTY
CNX
CO
COBZ
CODE
CODI
COF
COG
COH
COHR
COHU
COKE
COL
COLB
COLM
CONN
COO
COOL
COP
COR
CORE
CORT
COST
COT
COWN
CP
CPA
CPB
CPE
CPF
CPHC
CPHI
CPIX
CPK
CPL
CPLA
CPLP
CPN
CPRT
CPRX
CPSI
CPSL
CPSS
CPST
CPT
CQB
CQP
CR
CRAI
CRAY
CRC
CREE
CREG
CRESY
CRH
CRI
CRIS
CRK
CRL
CRM
CRMD
CRME
CRMT
CRNT
CROX
CRR
CRS
CRT
CRUS
CRVL
CRWS
CRY
CRZO
CS
C-S
CSBK
CSC
CSCO
CSFL
CSGP
CSGS
CSII
CSIQ
CSL
CSPI
CSS
CSU
CSV
CSWC
CSX
CTAS
CTB
CTBI
CTHR
CTIB
CTIC
CTL
CTO
CTRN
CTRP
CTS
CTSH
CTWS
CTXS
CUB
CUK
CUR
CUTR
CUZ
CVA
CVBF
CVC
CVCO
CVE
CVG
CVGI
CVGW
CVI
CVLT
CVLY
CVM
CVO
CVR
CVS
CVTI
CVU
CVV
CVX
CW
CWBC
CWCO
CWEI
CWST
CWT
CX
CXDC
CXO
CXW
CY
CYAN
CYBE
CYCC
CYD
CYH
CYNO
CYOU
CYS
CYTK
CYTR
CYTX
CZNC
CZWI
CZZ
D
DAC
DAIO
DAKT
DAL
DAN
DAR
DAVE
DB
DBD
DCI
DCM
DCO
DCOM
DCT
DCTH
DD
DDD
DDE
DDR
DDS
DE
DECK
DEI
DEL
DENN
DEO
DEPO
DEST
DF
DFS
DFT
DG
DGAS
DGI
DGICA
DGII
DGLY
DGX
DHI
DHIL
DHR
DHT
DHX
DIN
DIOD
DIS
DISCA
DISCK
DISH
DIT
DJCO
DK
DKS
DL
DLA
DLB
DLR
DLTR
DLX
DM
DMEDF
DMLP
DMRC
DNB
DNBF
DNN
DNR
DO
DORM
DOV
DOW
DOX
DPM
DPS
DPW
DPZ
DQ
DRAD
DRE
DRH
DRI
DRQ
DRRX
DRWI
DRYS
DSCI
DSGX
DSPG
DST
DSW
DSWL
DSX
DTE
DTLK
DTV
DUK
DV
DVA
DVAX
DVD
DVN
DW
DWCH
DWSN
DX
DXCM
DXPE
DXR
DXYN
DY
DYNT
DYSL
E
EAT
EBAY
EBF
EBIX
EBMT
EBR
EBS
EBSB
EBTC
EC
ECA
ECHO
ECL
ECOL
ECPG
ECT
ED
EDAP
EDE
EDGW
EDMC
EDN
EDR
EDU
EDUC
EE
EEFT
EEI
EEP
EEQ
EFC
EFII
EFSC
EFUT
EFX
EGAS
EGBN
EGHT
EGI
EGLE
EGN
EGO
EGOV
EGP
EGT
EGY
EHTH
EIG
EIX
EL
ELGX
ELMD
ELNK
ELON
ELOS
ELP
ELS
ELTK
ELY
EMAN
EMCI
EME
EMITF
EMKR
EML
EMMS
EMN
EMR
ENB
ENDP
ENG
ENH
ENOC
ENR
ENS
ENSG
ENTG
ENV
ENZ
ENZN
EOG
EPAY
EPD
EPM
EPR
EQIX
EQR
EQS
EQT
EQU
EQY
ERF
ERIC
ERIE
ERII
ERJ
ES
ESBK
ESCA
ESE
ESEA
ESGR
ESIO
ESL
ESLT
ESP
ESRX
ESS
ESSA
ESSX
ESV
ETE
ETFC
ETH
ETM
ETP
ETR
ETRM
EV
EVBN
EVBS
EVC
EVEP
EVI
EVOL
EVR
EW
EWBC
EXAC
EXAM
EXAR
EXAS
EXC
EXEL
EXFO
EXK
EXLS
EXP
EXPD
EXPE
EXPO
EXPR
EXR
EXTR
EZPW
F
FAF
FALC
FARM
FARO
FAST
FBC
FBMS
FBNC
FBP
FBR
FBSS
FC
FCBC
FCCY
FCEL
FCF
FCFS
FCH
FCN
FCNCA
FCX
FDEF
FDML
FDP
FDS
FDX
FE
FELE
FFBC
FFG
FFHL
FFIC
FFIN
FFIV
FFKT
FFNM
FFNW
FGP
FHCO
FHN
FIBK
FICO
FIG
FII
FINL
FIS
FISI
FISV
FIX
FIZZ
FL
FLEX
FLIC
FLIR
FLL
FLML
FLO
FLOW
FLR
FLS
FLT
FLWS
FLXS
FLY
FMBI
FMC
FMS
FMX
FN
FNB
FNF
FNGN
FNLC
FNSR
FOE
FOLD
FONR
FORD
FORM
FORR
FORTY
FOSL
FPO
FPP
FR
FRBK
FRC
FRD
FRED
FRME
FRO
FRT
FSFG
FSI
FSLR
FSP
FSS
FSTR
FTEK
FTI
FTK
FTNT
FTR
FUL
FULL
FULT
FUN
FUNC
FVE
FWRD
FXCM
G
GABC
GAIA
GAIN
GASS
GBCI
GBL
GBLI
GBNK
GBR
GBX
GCAP
GCFB
GCI
GCO
GD
GDOT
GE
GEF
GEL
GEN
GENC
GENE
GEO
GERN
GES
GFA
GFED
GFF
GFI
GFN
GG
GGAL
GGB
GGG
GGP
GHDX
GHL
GHM
GIB
GIFI
GIGA
GIGM
GIII
GIL
GILD
GILT
GIS
GLAD
GLBS
GLBZ
GLCH
GLDD
GLF
GLNG
GLP
GLRE
GLT
GLUU
GLW
GM
GMAN
GME
GMET
GMO
GNCMA
GNI
GNK
GNMK
GNRC
GNTX
GNVC
GNW
GOL
GOOD
GOOG
GORO
GOV
GPC
GPI
GPIC
GPK
GPN
GPOR
GPRE
GPRO
GPS
GPX
GRA
GRC
GRIF
GRMN
GRO
GROW
GRPN
GRVY
GS
GSAT
GSB
GSBC
GSH
GSIT
GSK
GSL
GSM
GSOL
GSS
GST
GT
GWRE
IMN
IMO
IMOS
INAP
INCY
INDB
INFI
INFN
INFU
INFY
ING
INO
INOD
INS
INSM
INT
INTC
INTL
INTT
INTU
INTX
INUV
INV
INVE
INZ
IO
IOC
IOSP
IOT
IP
IPAR
IPAS
IPCC
IPCI
IPG
IPGP
IPHI
IPHS
IPI
IPXL
IR
IRBT
IRDM
IRET
IRIX
IRM
IRS
IRWD
ISBC
ISCA
ISF
ISG
ISIG
ISIL
ISLE
ISNS
ISP
ISR
ISRG
ISRL
ISSC
IT
ITC
ITG
ITI
ITIC
ITRI
ITRN
ITT
ITUB
ITW
IVAC
IVC
IVR
IVZ
IXYS
JACK
JAKK
JASO
JAX
JBHT
JBL
JBLU
JBSS
JBT
JCI
JCOM
JCP
JCS
JCTCF
JEC
JHX
JJSF
JKHY
JKS
JLL
JMBA
JMP
JNJ
JNPR
JNS
JOBS
JOE
JOUT
JPM
JRJC
JSDA
JSM
JVA
JWN
JXSB
K
KAI
KALU
KAMN
KAR
KB
KBH
KBR
KCAP
KCG
KCLI
KEG
KELYA
KEM
KEP
KEQU
KERX
KEX
KEY
KEYW
KFFB
KFRC
KFS
KFY
KGC
KGJI
KIM
KINS
KIRK
KKR
KLAC
KLIC
KMB
KMT
KMX
KND
KNDI
KNL
KNX
KO
KOF
KONA
KONE
KOOL
KOP
KOPN
KORS
KOSS
KR
KRA
KRC
KRG
KRNY
KRO
KS
KSS
KSU
KT
KTCC
KTEC
KTOS
KVHI
KW
KWR
KYO
L
LABL
LAD
LAKE
LAMR
LANC
LAS
LAWS
LAYN
LAZ
LB
LBAI
LBIX
LBTYA
LBTYK
LBY
LCI
LCUT
LDL
LDR
LEA
LECO
LEDS
LEE
LEG
LEI
LEN
LF
LFC
LFL
LFUS
LGCY
LGL
LGND
LH
LHCG
LHO
LIFE
LII
LIME
LINC
LION
LIOX
LIVE
LKFN
LL
LLL
LLNW
LLTC
LM
LMAT
LMIA
LMNR
LMNX
LMT
LNC
LNCE
LNDC
LNG
LNKD
LNN
LNT
LOAN
LOGI
LOGM
LOPE
LORL
LOV
LOW
LPL
LPLA
LPNT
LPSN
LPTH
LPX
LQDT
LRAD
LRCX
LRN
LSBK
LSCC
LSTR
LTBR
LTC
LTRE
LTRX
LTS
LUB
LUK
LULU
LUNA
LUV
LUX
LVLT
LVS
LWAY
LXK
LXP
LXRX
LXU
LYB
LYG
LYTS
LYV
LZB
M
MA
MAA
MAC
MAG
MAGS
MAIN
MAN
MANH
MANT
MAR
MARPS
MAS
MASI
MAT
MATW
MAYS
MBFI
MBI
MBLX
MBRG
MBT
MBTF
MBVT
MBWM
MCBC
MCD
MCF
MCHP
MCHX
MCK
MCO
MCRI
MCS
MCY
MCZ
MD
MDC
MDCA
MDCO
MDP
MDR
MDRX
MDSO
MDT
MDU
MED
MEG
MEI
MELI
MENT
MEOH
MERC
MET
MFA
MFC
MFG
MFNC
MFRI
MFSF
MG
MGA
MGEE
MGH
MGI
MGIC
MGLN
MGM
MGPI
MGRC
MGT
MGYR
MHH
MHK
MHLD
MHO
MIC
MIDD
MIND
MINI
MITL
MJN
MKC
MKL
MKSI
MKTAY
MKTX
MLAB
MLHR
MLI
MLM
MLNK
MLNX
MLP
MLR
MLVF
MMC
MMLP
MMM
MMP
MMS
MMSI
MMYT
MNDO
MNI
MNKD
MNOV
MNR
MNRO
MNTA
MNTX
MO
MOC
MOCO
MOD
MOFG
MOH
MON
MOS
MOSY
MOV
MPAA
MPB
MPEL
MPET
MPG
MPW
MPWR
MPX
MRCY
MRK
MRLN
MRO
MRTN
MRVL
MS
MSA
MSB
MSBF
MSCC
MSCI
MSEX
MSFG
MSFT
MSG
MSL
MSM
MSN
MSON
MSTR
MT
MTB
MTD
MTEX
MTG
MTH
MTN
MTR
MTRX
MTSC
MTSL
MTU
MTW
MTX
MTZ
MU
MUR
MUSA
MVC
MVIS
MVO
MWA
MWW
MXC
MXIM
MXL
MXWL
MY
MYGN
MYL
MYRG
MYRX
N
NAII
NAK
NANO
NASB
NATH
NATI
NATR
NAUH
NAV
NAVG
NBIX
NBL
NBN
NBR
NBTB
NBY
NC
NCI
NCIT
NCMI
NCR
NCS
NCTY
NDAQ
NDSN
NE
NEE
NEM
NEN
NEOG
NEPT
NEU
NEWS
NEWT
NFBK
NFEC
NFG
NFLX
NFX
NG
NGD
NGG
NGS
NHC
NHI
NI
NICE
NICK
NIHD
NILE
NJR
NKA
NKE
NKSH
NKTR
NL
NLS
NLST
NLY
NM
NMM
NMR
NMRX
NNA
NNBR
NNI
NNN
NOA
NOAH
NOC
NOG
NOK
NOV
NOW
NP
NPK
NPO
NR
NRF
NRG
NRIM
NRP
NRT
NS
NSC
NSH
NSIT
NSM
NSR
NSSC
NSU
NSYS
NTAP
NTCT
NTES
NTGR
NTIC
NTN
NTRI
NTRS
NTWK
NTZ
NUAN
NUE
NURO
NUS
NUTR
NUVA
NVAX
NVDA
NVE
NVEC
NVGN
NVMI
NVO
NVR
NVS
NWBI
NWE
NWFL
NWL
NWLI
NWN
NWPX
NWS
NWSA
NWY
NX
NXPI
NXST
NXTM
NYMT
NYMX
NYNY
NYT
O
OAS
OB
OBCI
OC
OCFC
OCLR
OCN
ODC
ODFL
ODP
OESX
OFC
OFG
OFIX
OFLX
OGE
OGXI
OHI
OI
OII
OIIM
OIS
OKE
OKS
OKSB
OLBK
OLN
OLP
OMAB
OMC
OMCL
OME
OMER
OMEX
OMI
OMN
ONB
ONP
ONVI
OPHC
OPK
OPNT
OPOF
OPTT
OPXA
OPY
ORA
ORB
ORBC
ORBK
ORCL
OREX
ORI
ORIT
ORLY
ORN
ORRF
OSBC
OSG
OSIR
OSIS
OSK
OSN
OSTK
OSUR
OTEX
OTIV
OTTR
OVBC
OVLY
OXM
OXY
OZM
OZRK
PAA
PAAS
PAC
PACB
PACW
PAG
PAL
PAM
PANL
PATH
PATK
PAY
PAYX
PBCT
PBH
PBI
PBR
PBT
PCAR
PCBK
PCC
PCG
PCH
PCLN
PCTI
PCYG
PCYO
PDCE
PDCO
PDEX
PDFS
PDLI
PDM
PDS
PEB
PEBO
PEG
PEGA
PEI
PEIX
PENN
PEP
PERF
PERY
PESI
PETS
PFBC
PFBI
PFBX
PFE
PFG
PFIN
PFS
PFSW
PG
PGC
PGH
PGNX
PGR
PGTI
PH
PHG
PHH
PHI
PHII
PHIIK
PHM
PHMD
PHX
PICO
PII
PIP
PIR
PJC
PKBK
PKD
PKE
PKG
PKI
PKOH
PKX
PKY
PLAB
PLCE
PLD
PLG
PLM
PLOW
PLPC
PLT
PLUG
PLUS
PLX
PLXS
PM
PMBC
PMC
PMD
PMT
PNC
PNFP
PNK
PNM
PNR
PNRA
PNRG
PNW
PODD
POL
POOL
POPE
POR
POT
POWI
POWL
POWR
PPBI
PPC
PPG
PPHM
PPL
PQ
PRA
PRAA
PRAN
PRCP
PRFT
PRGO
PRGS
PRGX
PRI
PRIM
PRK
PRKR
PRMW
PRO
PROV
PRPH
PRSC
PRTS
PRU
PRXL
PSA
PSB
PSDV
PSE
PSMT
PSO
PSTB
PSTI
PTEN
PTIE
PTN
PTNR
PTR
PTSI
PTSX
PTX
PUK
PURE
PVG
PVH
PVTB
PW
PWE
PWOD
PWR
PX
PXD
PXLW
PZE
PZG
PZN
PZZA
QADA
QADB
QCCO
QCOM
QCRH
QDEL
QEP
QGEN
QKLS
QNST
QSII
QTM
QUAD
QUIK
R
RAD
RAI
RAIL
RAS
RAVN
RAX
RBA
RBC
RBCAA
RBCN
RBPAA
RBS
RCI
RCII
RCKY
RCL
RCMT
RCON
RDC
RDCM
RDI
RDN
RDNT
RDWR
RDY
RE
RECN
REED
REFR
REG
REGN
REIS
RELL
RELV
REN
RENN
RES
REV
REX
RF
RFIL
RGA
RGC
RGCO
RGEN
RGR
RGS
RHI
RHT
RIC
RICK
RIG
RIGL
RIO
RITT
RJF
RL
RLH
RLI
RLOG
RMBS
RMCF
RMD
RMTI
RNET
RNN
RNST
RNWK
ROCK
ROG
ROIA
ROIAK
ROIC
ROK
ROL
ROLL
ROP
ROST
ROX
ROYL
RP
RPC
RPM
RPRX
RPT
RRC
RRD
RRGB
RRTS
RS
RSG
RSO
RST
RSYS
RT
RTEC
RTIX
RTK
RTN
RUSHA
RUSHB
RUTH
RVSB
RWC
RWT
RY
RYAAY
RYN
S
SA
SAFM
SAFT
SAH
SAIA
SAL
SALM
SAM
SAN
SANM
SANW
SAP
SAPX
SASR
SATS
SB
SBAC
SBBX
SBCF
SBGI
SBH
SBLK
SBNY
SBR
SBRA
SBS
SBSA
SBSI
SBUX
SCCO
SCG
SCHL
SCHS
SCHW
SCI
SCIL
SCKT
SCL
SCLN
SCMP
SCON
SCOR
SCS
SCSC
SCSS
SCVL
SCX
SD
SDRL
SE
SEAC
SEB
SEE
SEED
SEIC
SEM
SEMG
SENEA
SEP
SF
SFE
SFL
SFLY
SFNC
SFST
SFUN
SGA
SGB
SGC
SGEN
SGMA
SGMO
SGMS
SGU
SGY
SHBI
SHEN
SHG
SHI
SHIP
SHLD
SHLM
SHLO
SHO
SHOO
SHOR
SHW
SID
SIF
SIFI
SIG
SIGA
SIGI
SIGM
SILC
SIM
SIMO
SINA
SINO
SIRI
SIVB
SIX
SJI
SJM
SJR
SJT
SJW
SKM
SKT
SKX
SKY
SKYW
SLAB
SLB
SLF
SLG
SLGN
SLM
SLP
SLW
SM
SMCG
SMCI
SMED
SMFG
SMG
SMI
SMMF
SMP
SMRT
SMSI
SMTC
SMTX
SNA
SNAK
SNBC
SNCR
SNDK
SNE
SNFCA
SNH
SNHY
SNI
SNMX
SNN
SNP
SNPS
SNSS
SNV
SNX
SNY
SO
SODA
SOFO
SOHU
SOL
SON
SONA
SONC
SONS
SORL
SPA
SPAR
SPB
SPEX
SPG
SPH
SPIL
SPIR
SPLS
SPN
SPNC
SPNS
SPP
SPPI
SPR
SPRT
SPSC
SPTN
SPU
SQM
SR
SRCE
SRCL
SRDX
SRE
SRI
SRT
SSBI
SSD
SSI
SSL
SSN
SSNC
SSP
SSRI
SSW
SSY
SSYS
ST
STAA
STBA
STC
STE
STFC
STI
STJ
STKL
STL
STLD
STLY
STM
STMP
STN
STND
STNG
STO
STON
STP
STRA
STRI
STRL
STRM
STRS
STRT
STS
STV
STWD
STX
STXS
STZ
SU
SUI
SUMR
SUN
SUP
SVA
SVBI
SVU
SWC
SWFT
SWHC
SWIR
SWK
SWKS
SWM
SWN
SWX
SXI
SXL
SXT
SYBT
SYK
SYKE
SYMC
SYMX
SYNA
SYNL
SYNT
SYPR
SYT
SYUT
SYX
SYY
T
TA
TAC
TACT
TAL
TAP
TASR
TAST
TAT
TAYD
TBBK
TBI
TBNK
TCB
TCBI
TCBK
TCCO
TCI
TCO
TCRD
TCX
TD
TDBK
TDC
TDE
TDG
TDI
TDS
TDW
TDY
TEAR
TECD
TECH
TEF
TEL
TEN
TEO
TER
TESO
TESS
TEVA
TEX
TFSL
TFX
TG
TGA
TGB
TGC
TGH
TGI
TGP
TGS
TGT
THC
THFF
THG
THLD
THM
THO
THS
THTI
TI
TICC
TIF
TIGR
TIK
TINY
TIS
TISA
TISI
TITN
TIVO
TJX
TK
TKC
TKR
TLF
TLK
TLP
TM
TMH
TMK
TMO
TMP
TNAV
TNC
TNH
TNK
TNP
TOL
TOO
TOPS
TORM
TOT
TOWN
TOWR
TPC
TPI
TPL
TPLM
TPX
TR
TRC
TREE
TREX
TRGP
TRI
TRIB
TRK
TRMB
TRMK
TRN
TRNO
TRNS
TROW
TRP
TRR
TRS
TRST
TRT
TRU
TRV
TS
TSCO
TSEM
TSL
TSLA
TSM
TSN
TSO
TSRA
TSRI
TSS
TSU
TTC
TTEC
TTEK
TTGT
TTI
TTMI
TTWO
TU
TUES
TUP
TV
TWER
TWI
TWIN
TWMC
TWO
TWX
TX
TXN
TXRH
TXT
TYL
TYPE
TZOO
UA
UAL
UAM
UBA
UBCP
UBNK
UBOH
UBP
UBSH
UBSI
UCBA
UCBI
UCFC
UCTT
UDR
UEC
UEIC
UEPS
UFCS
UFI
UFPI
UFPT
UFS
UG
UGI
UGP
UHAL
UHS
UHT
UIS
UL
ULBI
ULTA
ULTI
ULTR
UMBF
UMC
UMH
UMPQ
UN
UNAM
UNB
UNF
UNFI
UNH
UNIS
UNM
UNP
UNT
UPS
UQM
URBN
URG
URI
URRE
USAK
USAP
USAT
USB
USEG
USG
USLM
USM
USNA
USPH
UTEK
UTHR
UTI
UTL
UTMD
UTSI
UTX
UUU
UVE
UVSP
UVV
UWN
V
VAL
VALE
VALU
VALV
VAR
VASC
VBFC
VCO
VDSI
VECO
VFC
VG
VGR
VGZ
VHC
VHI
VIA
VICL
VICR
VII
VIP
VIRC
VISN
VIV
VIVO
VLGEA
VLO
VLY
VMC
VMI
VMW
VNDA
VNO
VNR
VOD
VOXX
VPG
VR
VRA
VRML
VRNT
VRSK
VRSN
VRTB
VRTS
VRTU
VRTX
VRX
VSAT
VSBN
VSEC
VSH
VSI
VSR
VTR
VVC
VVI
VVUS
VZ
WAB
WABC
WAC
WACLY
WAL
WASH
WAT
WAYN
WBC
WBK
WBMD
WBS
WCC
WCG
WCN
WD
WDC
WDFC
WDR
WEC
WEN
WERN
WES
WEX
WEYS
WF
WFC
WFT
WG
WGL
WGO
WHG
WHR
WILC
WIN
WINA
WIRE
WIT
WLB
WLDN
WLFC
WLK
WLL
WM
WMAR
WMB
WMGI
WMK
WMS
WMT
WNC
WNR
WNS
WOOF
WOR
WPC
WPCS
WPPGY
WPRT
WPZ
WR
WRB
WRE
WRI
WRLD
WSBC
WSBF
WSCI
WSFS
WSM
WSO
WSR
WST
WSTG
WSTL
WTBA
WTFC
WTI
WTM
WTR
WTS
WTT
WTW
WU
WVVI
WWE
WWW
WY
WYN
WYNN
WYY
X
XCO
XEC
XEL
XIN
XL
XLNX
XNY
XOM
XOMA
XPL
XPO
XRA
XRAY
XRM
XRX
XXIA
Y
YGE
YHOO
YNDX
YORW
YPF
YRCW
YUM
YZC
ZAGG
ZBRA
ZEUS
ZGNX
ZION
ZIOP
ZIXI
ZN
ZNH
ZUMZ
BLK
BRK-B
BRK-A
ACCO
ACHC
ACP
ACRE
ACRX
ADT
AEGN
AEH
AEK
AFA
AFB
AFC
AFSD
AFT
AFW
AGC
AGD
AGIIL
AGNCP
AGRO
AKP
AL
ALSN
ALT
AMBA
AMCX
AMID
AMPE
ANCB
ANFI
ANGI
AOD
APB
APF
APO
APTS
ARC
ARCC
ARCO
ARN
ARR
ARU
ASBB
ASG
ASM
ASNA
ATRS
ATTU
AVHI
AVK
AWF
AWP
BAF
BANC
BANFP
BBF
BBK
BBN
BCEI
BCOM
BCOR
BCV
BCX
BDJ
BERY
BFK
BFO
BFY
BFZ
BGB
BGCA
BGMD
BGR
BGT
BGX
BGY
BHK
BHL
BHV
BIF
BIOL
BJZ
BKEP
BKEPP
BKK
BKN
BKSC
BKT
BKU
BLE
BLH
BLJ
BLMN
BLMT
BLOX
BLRX
BLW
BME
BNJ
BNY
BOE
BOTJ
BPK
BPOPM
BPOPN
BQH
BREW
BRN
BRP
BSAC
BSD
BSE
BSL
BSMX
BTA
BTO
BTT
BTZ
BUI
BUR
BWG
BWINA
BXE
BYM
BZM
CAF
CARB
CBF
CCA
CCXI
CEB
CEE
CELGZ
CEM
CEMI
CEMP
CET
CEV
CFFN
CG
CGO
CH
CHEF
CHFC
CHI
CHKR
CHN
CHSCP
CHUY
CHW
CHY
CIF
CII
CIK
CIZN
CLBH
CLIR
CLM
CLNT
CLVS
CLWT
CMU
CNCO
CNPF
CPAC
CPAH
CRDS
CRF
CSOD
CSQ
CSTE
CTR
CTU
CTW
CTX
CUBA
CUBE
CUI
CUNB
CVCY
CXE
CXH
CZR
DBL
DCA
DCIX
DDF
DDT
DEX
DFRG
DGICB
DHF
DHG
DHY
DKT
DLHC
DLPH
DMF
DMO
DNI
DNKN
DNP
DPG
DRAM
DRD
DSM
DSS
DSU
DTF
DTK
DTQ
DUC
DXB
DYN
EA
EAD
ECF
ECTE
ECYT
EDD
EDF
EEA
EFR
EFT
EGAN
EGF
EGL
EHI
EIA
EIM
EIO
EIP
EIV
ELJ
ELLI
EMCF
EMD
EMF
EMI
EMJ
EMO
ENPH
ENX
EOD
EOI
EOS
EOT
EPAM
EQM
ERB
ERC
ERH
ESMC
ESTE
ETB
ETG
ETJ
ETN
ETO
ETV
ETW
ETY
EVER
EVF
EVG
EVJ
EVM
EVN
EVO
EVP
EVT
EVV
EVY
EXA
EXD
EXG
FABK
FAC
FAM
FANG
FAX
FB
FBHS
FBIZ
FBNK
FBRC
FCO
FCT
FDUS
FEIM
FEN
FENG
FEO
FET
FF
FFA
FFC
FGB
FHY
FIF
FITB
FIVE
FLC
FLDM
FLTX
FMN
FMNB
FMO
FMY
FNHC
FNV
FOF
FOR
FPT
FRA
FRAN
FRGI
FRP
FSBK
FSC
FSD
FSM
FT
FTF
FUND
GAB
GALE
GALT
GAM
GBAB
GBDC
GCBC
GCH
GCV
GCVRZ
GDF
GDL
GDO
GDV
GEB
GEOS
GEQ
GER
GEVO
GF
GFY
GGE
GGN
GGT
GIG
GIM
GJO
GJP
GJR
GJT
GJV
GLO
GLOG
GLOW
GLQ
GLU
GLV
GMED
GMLP
GNC
GNE
GNT
GOF
GOLD
GOODO
GPL
GPM
GRF
GRFS
GRR
GRX
GSV
GSVC
GTE
GTIM
GTLS
GTN
GTS
GTXI
GTY
GUID
GURE
GUT
GV
GVA
GVP
GWR
GWW
GXP
GYB
GYC
GYRO
GZT
H
HA
HAE
HAFC
HAIN
HAL
HALL
HALO
HAR
HAS
HAUP
HAYN
HBAN
HBANP
HBCP
HBHC
HBI
HBIO
HBK
HBM
HBMD
HBNC
HCA
HCCI
HCIIP
HCKT
HCLP
HCN
HCOM
HCP
HCSG
HD
HDB
HDNG
HDSN
HE
HEB
HEES
HEI
HELE
HEOP
HEP
HEQ
HES
HF
HFBC
HFC
HFWA
HGG
HGH
HGT
HH
HHC
HHS
HI
HIBB
HIFS
HIG
HIHO
HII
HIL
HIMX
HIO
HIW
HIX
HJV
HK
HL
HLF
HLIT
HLS
HLX
HMC
HMH
HMN
HMST
HMSY
HMY
HNH
HNI
HNP
HNR
HNRG
HNW
HOFT
HOG
HOLI
HOLL
HOLX
HOMB
HOME
HON
HOS
HOT
HOV
HOVNP
HP
HPF
HPI
HPJ
HPP
HPQ
HPS
HPT
HQH
HQL
HR
HRB
HRC
HRG
HRL
HRS
HRT
HRZN
HSC
HSIC
HSII
HSKA
HSNI
HSON
HST
HSTM
HSY
HT
HTA
HTBI
HTBK
HTD
HTF
HTGC
HTGY
HTGZ
HTH
HTHT
HTLD
HTLF
HTM
HTY
HTZ
HUBG
HUM
HUN
HURC
HURN
HUSA
HVT
HW
HWAY
HWBK
HWCC
HWKN
HXL
HY
HYB
HYF
HYGS
HYI
HYT
HZNP
HZO
IAE
IAF
IAG
IART
IBA
IBCP
IBIO
IBKC
IBKR
IBM
IBN
IBOC
ICA
ICAD
ICB
ICCC
ICE
ICFI
ICLR
ICON
ICPT
ICUI
IDA
IDCC
IDE
IDN
IDRA
IDSY
IDT
IDTI
IDXX
IEC
IEP
IESC
IEX
IF
IFF
IFMI
IFN
IFON
IGA
IGC
IGD
IGI
IGLD
IGOI
IGR
IGT
IHC
IHD
IHG
IID
IIF
III
IIIN
IIJI
IIM
IIN
IIVI
IKNX
IL
ILMN
IMAX
IMGN
IMH
IMI
IMKTA
IMMR
IMMU
IMPV
IMUC
INB
INF
INGR
INN
INVN
INWK
INXN
IPB
IQI
IQNT
IRG
IRL
IROQ
IRR
ISD
ISL
ISM
IX
JAZZ
JBK
JBN
JCE
JDD
JE
JEQ
JFC
JFR
JHI
JHS
JIVE
JLS
JMF
JMT
JOB
JOF
JOY
JPC
JPI
JPS
JQC
JRI
JRO
JRS
JSD
JTA
JTD
KAP
KCC
KED
KEF
KF
KFI
KMF
KMG
KMI
KMM
KMPR
KOS
KSM
KST
KTF
KTH
KTN
KTP
KYE
KYN
LAQ
LBF
LBTYB
LCM
LCNB
LDF
LDP
LEO
LFVN
LGI
LKQ
LLY
LMCA
LMOS
LOCK
LODE
LOR
LPI
LVNTA
LXFR
MAB
MACK
MANU
MARK
MATL
MATR
MATX
MAV
MCA
MCBK
MCC
MCEP
MCI
MCN
MCQ
MCR
MDLZ
MEET
MEIP
MEMP
MEN
MFD
MFL
MFM
MFO
MFT
MFV
MGF
MGR
MGU
MHD
MHE
MHF
MHI
MHN
MHNB
MHY
MIN
MITK
MITT
MIW
MIY
MLPY
MMD
MMT
MMU
MMV
MN
MNE
MNGA
MNP
MNST
MORN
MPA
MPC
MPV
MQT
MQY
MRC
MSD
MSF
MSI
MSLI
MSP
MTDR
MTGE
MTL
MTOR
MTRN
MTSI
MTT
MUA
MUC
MUE
MUH
MUI
MUJ
MUS
MUX
MVF
MVT
MX
MXE
MXF
MYC
MYD
MYE
MYF
MYI
MYJ
MYN
MZA
MZF
NAC
NAD
NAI
NAN
NAT
NAVB
NAZ
NBB
NBD
NBH
NBHC
NBO
NBW
NCA
NCB
NCV
NCZ
NDP
NDRO
NEA
NEON
NETE
NEV
NFJ
NGL
NGVC
NHF
NHS
NIE
NIM
NJV
NKG
NKX
NLNK
NLSN
NMFC
NMI
NMT
NMY
NMZ
NNC
NNY
NOM
NPN
NPTN
NPV
NQ
NQP
NRK
NRO
NSL
NSP
NTC
NTG
NTL
NTT
NTX
NUM
NUO
NUV
NUW
NVDQ
NVG
NXC
NXJ
NXN
NXP
NXQ
NXR
NYH
NYV
NZF
OAK
OBAS
OCC
OIA
ONSM
OPXAW
ORBT
ORIG
OSBCP
OSM
OXLC
P
PACD
PAI
PANW
PAR
PB
PBA
PBIB
PBMD
PBSK
PCBC
PCF
PCK
PCM
PCN
PCO
PCOM
PCQ
PCRX
PDH
PDI
PDT
PEBK
PEO
PER
PERI
PES
PFD
PFH
PFK
PFL
PFLT
PFMT
PFN
PFO
PFPT
PGP
PGRX
PHD
PHF
PHK
PHT
PHYS
PIM
PIY
PKO
PLBC
PMF
PML
PMM
PMO
PMX
PNBK
PNF
PNI
PNNT
PNTR
POST
PPP
PPR
PPT
PRLB
PRSS
PSEC
PSF
PSLV
PSW
PSX
PTY
PVTBP
PYN
PYS
PYT
PZC
QLYS
QQQX
RADA
RAND
RATE
RCG
RCS
REGI
REXX
RFI
RFP
RGLD
RGLS
RHP
RIF
RJD
RLGT
RLGY
RLJ
RLJE
RM
RMT
RNP
RNR
ROSG
ROYT
RPAI
RPXC
RQI
RRMS
RVP
RVT
RXN
RZA
SAND
SAR
SAVE
SBI
SCD
SCHN
SDR
SDT
SENEB
SEV
SGF
SGOC
SGRP
SGYP
SHOS
SHPG
SIEB
SIFY
SIR
SIVBO
SKBI
SLCA
SLMAP
SLRC
SMBC
SMIT
SMLP
SMM
SN
SOR
SPAN
SPE
SPLK
SPLP
SPWR
SQNS
SRC
SREV
SRF
SRPT
SRV
SSFN
SSH
SSTK
STAG
STB
STBZ
STK
STT
SUNS
SUPN
SVBL
SVT
SVVC
SWJ
SWZ
SXC
SYN
SYNC
SYRG
SZC
TAHO
TAIT
TAOM
TARO
TATT
TAX
TCAP
TCBIL
TCP
TCPC
TDF
TDJ
TEI
TGD
TGR
THR
THRM
TKF
TLI
TLLP
TLYS
TNGO
TPZ
TRIP
TROV
TROVU
TROVW
TROX
TRQ
TRX
TSBK
TSI
TSRO
TST
TTF
TTM
TTP
TTS
TTTM
TVC
TVE
TWN
TY
TYG
TZO
UAMY
UAN
UBFO
UBNT
UBS
UDNT
UNTY
UNXL
USA
USCR
UTF
UTG
UUPT
UZA
VAC
VBF
VC
VCF
VCRA
VCV
VFL
VGI
VGM
VIAB
VIDE
VIPS
VKI
VKQ
VLT
VMM
VMO
VNET
VNTV
VOC
VPV
VRTA
VSTM
VTA
VTN
VVR
WAFD
WAGE
WAIR
WBKC
WDAY
WEA
WEBK
WETF
WFM
WIA
WIFI
WILN
WIW
WMC
WPX
WRN
WSFSL
WVFC
WWD
XBKS
XKE
XOXO
XYL
YELP
Z
ZAZA
ZF
ZLTQ
ZNGA
ZTR
ZX
AAT
EMDD
IGEM
FVI
RTL
AUD
PMA
PCA
SFK
SKK
KME
VET
VEEV
UUUU
VCYT
USAC
UIHC
UCP
TXMD
TWTR
TTPH
TSC
TRMR
TRCH
TPRE
TPH
TNXP
TNDM
TMUS
TMHC
TLOG
TIPT
TILE
THST
TGTX
THGA
TGLS
TEP
TDA
TCS
TCFC
TCBIP
SXE
SXCP
STRP
STML
STAR
STAY
SSNI
SRNE
SRLP
SQBG
SPHS
SPCB
SOHO
SLMBP
SGZA
SGM
SFM
SFBC
SEAS
SDLP
SBY
SBRAP
SBGL
SBFG
SAMG
SALT
SALE
SAIC
SAEX
RVLT
RTRX
RNG
RMGN
RMAX
RKUS
RIBT
RH
REXR
RESI
REI
RDHL
QUNR
QUMU
QTS
QIWI
QPAC
QBAK
Q
PVTD
PTCT
PTLA
PTC
PSXP
PSIX
PRTA
PRH
PPSI
PLPM
PME
PJH
PINC
PGEM
PF
PETX
PEGI
PED
PCMI
PBYI
PBPB
PBIP
PBF
PAGP
OXFD
OVAS
OTEL
ORMP
ORM
ORAN
ORC
OPHT
ONVO
ONTX
OMED
OLED
OHRP
OGEN
OGCP
OCRX
OCIP
OAKS
NYMTP
NYLD
NYCB
NVGS
NWBO
NVEE
NSTG
NSPR
NRZ
NRCIB
NRCIA
NNVC
NMIH
NMBL
NEO
NECB
NCLH
NDLS
MZOR
MYCC
MSTX
MRTX
MSCA
MRIN
MPLX
MONT
MNK
MODN
MMI
MIXT
MICT
MGNX
MGCD
MEP
MEIL
MDXG
MBII
MAMS
LXFT
LON
LND
LITB
LIQT
LIN
LGIH
LDOS
LARK
LAND
KWN
KPTI
KODK
KMDA
KNOP
KIN
KBIO
JTPY
JONE
JMPB
HASI
HAWK
HBP
HCAP
HCI
HCJ
HDS
HGSH
HIIQ
HLT
HMG
HMHC
HMNF
HMNY
HMTV
HOTR
HSBC
HSEA
HSEB
HTBX
I
IBTX
ICLD
IDSA
IHT
IKGH
IMMY
INBK
INSY
INTG
IPDN
IPWR
GWPH
GTWN
GTT
GRAM
GPT
GOODP
GLYC
GOGO
GLPI
GLDI
GK
GIMO
GFNCP
GEK
GEH
FUEL
FTD
FSCFL
FSCE
FSBW
FPRX
FOXF
FOXA
FOX
FMI
FITBI
FISK
FI
FEYE
FCSC
FCCO
FCAP
FATE
EVTC
EVOK
EVK
EVHC
EVGN
ESXB
ESRT
ESPR
ESNT
ESBA
ERS
EROS
ERA
EPZM
ENZY
ENTA
ENT
ELSE
EIGI
ECOM
EARN
EAGLU
EAGL
DXLG
DVCR
DUKH
DSKX
DRII
DOOR
DOC
DLNG
DKL
DISCB
DGSE
DDC
DATA
CZFC
CYCCP
CXP
CVT
CVRR
CUDA
CUBI
CTT
CTRL
CTG
CSTM
CST
CRVP
CRTO
CQH
CPS
COVS
COTY
CORR
CONE
COMM
CNOB
CNHI
CNAT
CMRX
CHMI
CHMG
CHGG
CGIX
CGG
CEQP
CDW
CCV
CCCR
CART
CANF
CACQ
BYBK
BXMT
BTG
BURL
BRSS
BRID
BPY
BPFHW
BPFHP
BNFT
BLUE
BIOA
BGI
BFAM
BEP
BDR
BDL
BCRH
BCC
BBRY
BBDO
AXLL
AXGN
AXDX
AWX
AVH
ATOS
ATLC
ATHM
ASC
ARMK
ARIS
ARCX
AR
APWC
APAM
ANIP
AMH
AMC
AMBC
ALDW
AKG
AIY
AIW
AIRI
AHP
AHH
AGIO
AGI
AFH
AERI
ADXS
ADMP
ADHD
ACST
ABEV
ABBV
AAOI
AAMC
AAL
VJET
VLP
VLRS
VLTC
VNCE
VNRAP
VOYA
VTNR
WBAI
WBB
WCIC
WFBI
WGP
WHLR
WIX
WLH
WNRL
WPT
WSTC
WUBA
WWAV
XGTI
XLRN
XNCR
XON
XONE
XPLR
XTLB
YDKN
YUME
YY
ZBK
ZTS
ACSF
ADMS
ADXSW
AGTC
AIB
AIF
AKAO
AKBA
AKER
ALLE
ALLY
ALQA
AMBCW
AMBR
AMDA
AMRK
AQXP
ARCB
ARDC
ARGS
ASRVP
ATEN
ATNM
BANX
BGH
BIT
BLFS
BLVD
BLVDU
BOXC
BPTH
BRG
BRX
BRZS
CARA
CBA
CBPX
CELP
CEN
CERU
CHSCN
CHSCO
CIO
CMCT
CMFN
CNCE
CNR
CORI
COUP
CPG
CPTA
CRCM
CSLT
CTY
CVB
CWAY
CYHHZ
CYRN
DFP
DMB
DPRX
DRNA
DSL
EAB
EAE
EBIO
EDI
EFF
EGLT
EGRX
ELU
EMES
ENBL
ENJ
ENLC
ENLK
ENSV
EPE
ETX
EURZ
EVAR
FEI
FFBCW
FGL
FIVN
FLXN
FPF
FPI
FPL
FRBA
FRSH
FSFR
FSIC
FULLL
GALTW
GARS
GGM
GHC
GHY
GJH
GLMD
GLRI
GMETP
GMZ
GNCA
GOOGL
GPRK
GRUB
HCAC
HEAR
HFBL
HIVE
HKOR
HNNA
HOTRW
HRTX
IBP
ICLDW
IMS
INGN
IRT
ISDR
ITCI
ITLT
IVH
JBR
JMLP
JMPC
JPNS
JPW
KANG
KATE
KIO
KMPA
KN
KORZ
LADR
LE
LEJU
LJPC
LLEX
LMCB
LPCN
LPT
LQ
MBUU
MC
MCV
MDWD
MHG
MHNC
MICTW
MIE
MRCC
MRVC
MVCB
NADL
NAVI
NEWM
NGHC
NID
NIQ
NML
NORD
NSEC
NSS
NTP
NVFY
NWBOW
NWHM
NYRT
OFS
OGS
OPB
OPWR
OXLCO
PAH
PAHC
PAYC
PBHC
PCI
PCTY
PFIE
PFIS
PFSI
PGZ
PIH
PLKI
PNTA
PPHMP
PPX
QTWO
QURE
RARE
REPH
RFT
RGSE
RGT
RIBTW
RICE
RSPP
RUBI
RVNC
RXDX
RXII
SABR
SAQ
SC
SCAI
SCM
SLRA
SLVO
SMLR
SNOW
SP
SPPP
SPWH
SSWN
SYRX
TCCA
TEDU
TNET
TPVG
TRCB
TRVN
TRXC
TSLF
TSLX
TWOU
VNRBP
VRNS
VSAR
VTL
VTRB
VZA
WATT
WB
WHF
WHFBL
WMGIZ
XGTIW
XXII
ZIONW
ZOES
CCZ
CDK
CDNA
CFG
CFRX
CFRXW
CHRS
CHSCM
CIVI
CLA
CLACU
CLRB
CLRBW
CMCM
CMPR
CNNX
CNV
CNXR
COWNL
CPHR
CRTN
CTLT
CTRE
CTV
CUO
CVEO
CYBR
DBVT
DCUC
DERM
DNOW
DPLO
DRA
DSE
EARS
ECC
ECR
EFOI
EHIC
ELLO
ENFC
ENRJ
ENVA
EQC
EQCO
ERI
EVLV
EXCU
EYES
EZT
FCAU
FCB
FELP
FFWM
FGEN
FMBH
FMSA
FNFV
FNJN
FOMX
FRPH
FRPT
FSAM
FSNN
FWP
GAINO
GBIM
GFNSL
GGZ
GJS
GLADO
GLOB
GLOP
GNBC
GRBK
GULTU
GWB
GWGH
HABT
HDP
HIE
HMLP
HQY
HRTG
HSGX
HTGX
HUBS
HYH
ICD
ICL
IMDZ
IMNP
IMPR
INCR
INNL
INVT
IRDMB
IRMD
ISTR
JASN
JASNW
JD
JGH
JMEI
JMM
JPEP
JRVR
JUNO
JYNT
KBAL
KE
KEYS
KIQ
KITE
KLXI
KTWO
KZ
LBRDA
LBRDK
LC
LEU
LGCYO
LGCYP
LMCK
LMRK
LOCO
LOXO
LPG
LTRPA
LVNTB
MARA
MBCN
MBFIP
MBLY
MCUR
MDLY
MDSY
MEILZ
MELR
MIK
MMAC
MOBL
MOLG
MOMO
MORE
MRNS
MTBC
MTGEP
MTLS
MYOS
NAME
NAO
NAP
NDRM
NEFF
NEOT
NEP
NERV
NEWR
NGHCP
NMS
NSAM
NTIP
NTRSP
NVCN
NVRO
NXTD
NXTDW
OCUL
OEC
OHAI
OMAM
ONDK
ORPN
OTIC
OUT
OXBR
OXBRW
OXLCN
PARN
PARR
PBCP
PBFX
PE
PFNX
PGRE
PLAY
PRAH
PRQR
PRTK
PRTO
PVCT
QRHC
QSR
QTNT
QVCA
QVCB
RDUS
RESN
RFTA
RIGP
RMP
ROKA
RWLK
RYAM
RYI
SAGE
SAJA
SBCP
SBLKL
SBNA
SBNB
SCYX
SDPI
SERV
SFBS
SFS
SGBK
SGNL
SHLDW
SHLX
SIEN
SKIS
SKYS
SLCT
SLTB
SNC
SNR
SPKE
SPOK
SRSC
SSB
STOR
SYF
TBIO
TBK
TBPH
TCRX
TENX
TERP
TGEN
THQ
TIME
TKAI
TMST
TOUR
TRCO
TREC
TRIL
TRTLU
TRUE
TRUP
TSE
TSNU
TSQ
TTOO
TVPT
UPLD
USDP
UZB
VBIV
VBLT
VBTX
VCEL
VEC
VISI
VNOM
VNRCP
VRTV
VSLR
VTTI
VWR
W
WAFDW
WGBS
WHLM
WHLRP
WHLRW
WK
WLKP
WPG
WTFCW
XCRA
XENE
XENT
XNET
YUMA
ZAYO
ZBZX
ZEN
ZFGN
ZPIN
CCS
CCLP
CBSHP
CBO
CBMG
CBFV
CBAY
CASI
CARO
CAPN
CAPL
CALA
BWFG
BST
BSF
BLCM
BHBK
BEL
BCLI
BBEPP
BAR
BABA
AXTA
AXPWW
AVAL
AUPH
ATTO
ATRA
AST
ASPN
ASMB
ARES
ARDX
ARDM
APTO
APDNW
APDN
ANY
ANTM
ANET
AMTX
AMPH
AMFW
ALDX
ALDR
AINC
AGRX
AGNCB
AFMD
AFGE
ADPT
ADMA
ACTA
ABY
ABRN
ABDC
ABAC
AAC
SMMT
SHAK
RAVE
QRVO
QPACW
PN
PDVW
PATI
ONCE
OHGI
OFED
OA
NVTA
NVET
NSAT
NHTC
NHLD
NCOM
MXPT
MDVX
LTXB
LENS
LBIO
ITEK
INOV
ICBK
HYIH
HRMNU
HQCL
HIFR
HCHC
GSBD
GGACW
FSB
FNWB
FNBC
FLKS
EURN
ENTL
DIAX
DEA
CUBS
CTSO
CTRV
CPSH
CPPL
CLLS
CLAC
CHEK
CHSCL
CAPR
CAPNW
BXMX
BLPH
BLBD
AVGR
ASND
ASB
APPS
AJX
AIII
AIC
SPXX
STDY
SUM
SWNC
TANH
TCCB
TCON
UE
VNRX
VSTO
VUZI
WBA
WMLP
XHR
ZAIS
ZSAN
RTTR
RPD
RKDA
RENX
RELY
RELX
QPACU
PULM
PYPL
PUB
PTXP
PRTY
PIRS
PGND
PGLC
OPGN
OOMA
ONCS
ON
OLLI
NYMTO
NVLS
NVIV
NTRA
NSA
MOKO
MLSS
MJCO
MCRN
MCRB
MCFT
MB
LSBG
LNTH
LIND
LILAK
LILA
KRNT
KMPH
KHC
JP
JNP
JCAP
JAGX
IVTY
ITUS
HZN
HTGM
HLTH
HLG
GPP
GOGL
GNRT
GNL
GLPG
GKOS
GI
GDDY
FTRPR
FSV
FTAI
FOGO
FIT
FENX
FCFP
FBIO
EVH
ETSY
EVA
ESND
ESES
ERN
EPIX
EQGP
EPC
EGIF
ECCA
DTEA
DSXN
DNAI
DELT
CYAD
CXRX
CVRS
CUBN
CSAL
CRBP
COLL
CNXC
CLCD
CLBS
CIVBP
CIVB
CIGI
CHMA
CHCT
CFMS
CGNT
CETX
CDTX
CDOR
CCD
CC
CATB
CAL
CAFD
CABO
BZUN
BXLT
BWXT
BW
BVXV
BUFF
BSM
BPMX
BPMC
BOJA
BLVDW
BLD
BKFS
AZUR
AYA
AXON
APPF
APLE
ANTX
ALRM
AJRD
AGM-A
AFSS
AEUA
AEMD
ADRO
ABEO
ACV
AAPC
SEDG
SHOP
SPNE
SRG
STKS
SXCL
TACO
TACOW
TDOC
TEGP
TGNA
THW
TIER
TIL
TLN
TRTL
UFAB
UNVR
VDTH
VEDL
VIRT
VKTX
WING
WRK
WTFCM
XBIT
XTLY
YECO
ZBH
NTEC
GLBL
XELB
VTVT
AIMT
BETR
BNTC
PLNT
RUN
ZYNE
AAAP
ABE
ABTX
ABUS
ACBI
ACRS
ADAP
AFCO
AFGH
AFST
AGFS
AKTX
APHB
APLP
AQMS
AROC
AVXL
AXSM
BGSF
BHAC
BNED
CAA
CAI
CBIO
CBX
CCP
CERC
CETC
CFCB
CINR
CNFR
COYN
CRHM
CSWI
CTMX
CTZ
CYRX
DHXM
DLTH
DMTX
DTRM
ECACU
EDGE
EMG
EQBK
EQFN
ESNC
EVRI
EXTN
EYEG
FCPT
FDC
FDEU
FGBI
FORK
GAINN
GBT
GDEN
GNOW
GPIA
GPIAU
HLI
HPE
IBKCP
INST
IOTS
JHA
JHY
KEN
KLDX
KURA
LITE
LIVN
LOB
MEILW
MESO
MIME
MIRN
MPSX
MSGN
MTCH
MYOK
NBRV
NEOS
NGHCO
NGHCZ
NK
NRE
NVCR
NXRT
OASM
PAAC
PAACU
PEN
PFGC
PJT
PMTS
PRZM
PSTG
PVBC
PXS
PYDS
QUOT
RACE
RGNX
RNVA
SAUC
SBBP
SBOT
SGRY
SITO
SKLN
SOJA
SPXC
SQ
SRCLP
STAF
TLGT
TMUSP
TPVZ
TTNP
VER
VIAV
VYGR
WEB
WINS
WMIH
WPXP
WVE
WYIGU
XTNT
ZG
LGF-B
LGF-A
DFFN
CRSP
CRD-B
CRD-A
CIG-C
CFCOW
CFCO
CERCW
CDEVW
CDEV
CBS-A
BWL-A
BMLA
BIOP
BL
BIO-B
BHACR
BF-B
BF-A
BCTF
AZRX
AZRE
AXARW
ATOM
ATH
ASIX
ARNC
ARCH
AQN
AMMA
ALBO
AKO-B
ABIL
ACIA
ADVM
AGLE
ALJJ
ARLZ
AVIR
AVXS
BATRA
BATRK
BGNE
BOFIL
BSTG
CCRC
CDXC
CFCOU
CSBR
DFBG
DRIO
EACQ
EBAYL
EDIT
EIGR
ELEC
EVGBC
EVLMC
EVSTC
FH
GBLIZ
GWRS
HBANO
HBHCL
HCM
IAC
IBKCO
IDXG
INVA
IONS
IZEA
JSYNU
KELYB
KLREU
KTOV
LINK
LMFA
LSXMA
LSXMK
MFIN
MRUS
MSBI
MTP
NAKD
NCBS
NEWTL
NNDM
NOVT
NTLA
NVTR
PACEU
PBBI
PZRX
RILY
RMR
RRR
SBPH
SCWX
SELF
SHSP
SNDX
SPI
SSKN
SUNW
TEAM
TVIA
ULH
USATP
VRAY
VTGN
WINT
WKHS
WLTW
WYIG
XRDC
YIN
AC
AFI
AGR
ARA
BKHU
CSRA
CTAA
ECCZ
ENIA
ENIC
ENO
EOCC
GCP
GMS
GMTA
HUBB
ITCB
JHD
LMHA
MCX
MFCB
MFS
MGP
NGVT
NHA
NOMD
OMF
OSB
PBB
QHC
RIV
SCNB
SFR
SITE
SPGI
SUPV
TCRZ
TLRD
TPB
UZC
YRD
ATKR
DRUA
COE
PTHN
OR
HRI
DYNC
COTV
TRTN
MHLA
ITGR
GATX
LN
APFH
DTJ
FTV
USFD
RZB
KDMN
EHT
GMRE
BBU
WALA
TWLO
AIRG
APOP
APTI
APVO
BMCH
BMRA
BOKFL
BOLD
CCN
CCNWW
CHUBA
CHUBK
CLDC
CLDCW
CLSD
CNXN
COGT
CPAA
CPAAU
CRVS
DMPI
DXTR
DZSI
EACQW
EKSO
EVBG
FHB
FNCX
GAINM
GEMP
GOODM
GOVNI
HBANN
HONE
HOPE
HPTRP
INFO
IRCP
JMU
JSYN
JSYNR
JSYNW
KBSF
KLRE
KNSL
LANDP
LCA
LMRKO
LMRKP
LONE
LTEA
MACQU
MATN
MBRX
MBVX
MDGL
MDGS
MDVXW
MEDP
MFINL
MIIIU
MINDP
MSDI
MTBCP
NGHCN
NH
NOVN
NXEO
NXEOU
NXEOW
ONS
PAACW
PACE
PACEW
PBNC
PI
PTGX
PTI
RDIB
RETA
RNDB
RNVAZ
SCACU
SELB
SMBK
SNDE
SNHNI
SNHNL
SOHOB
SRTS
STLRU
SYRS
TANNI
TANNL
TANNZ
TCMD
TLND
TPIC
TRNC
VIVE
WCFB
WHLRD
CTBB
DCUD
DVMT
EAI
ELC
EMP
FBK
JHB
LMHB
MDLX
MRT
NBLX
NTB
OMAA
NTNX
ACGLP
ACIU
ADNT
ADSW
AHPAU
AKO-A
ANV
ATX
BKR
BMC
CTC
DRL
PHA
PHR
PVD
PVR
PXP
SATC
SCR
SFI
SHP
SHS
SMA
SVN
TCL
VIT
WPI
AQ
ASP
HBC
MBC
MHC
MJC
SDA
SED
TFCO
TIE
TMS
SHN
